ARM Linker, 5.03 [Build 76] [MDK-ARM Standard]

==============================================================================

Section Cross References

    main.o(.text) refers to lcd.o(.text) for LCD_ShowString
    main.o(.text) refers to delay.o(.text) for delay_init
    main.o(.text) refers to sys.o(.text) for NVIC_Configuration
    main.o(.text) refers to usart.o(.text) for uart_init
    main.o(.text) refers to led.o(.text) for LED_Init
    main.o(.text) refers to key.o(.text) for KEY_Init
    main.o(.text) refers to dji_pro_test.o(.text) for DJI_Pro_Test_Setup
    main.o(.text) refers to main.o(.data) for PrintAck
    main.o(.text) refers to lcd.o(.data) for POINT_COLOR
    main.o(.text) refers to stm32f10x_it.o(.data) for i
    main.o(.text) refers to stm32f10x_it.o(.bss) for RecBuff
    stm32f10x_it.o(.text) refers to stm32f10x_usart.o(.text) for USART_GetITStatus
    stm32f10x_it.o(.text) refers to stm32f10x_it.o(.data) for i
    stm32f10x_it.o(.text) refers to stm32f10x_it.o(.bss) for RecBuff
    system_stm32f10x.o(.text) refers to system_stm32f10x.o(.data) for SystemCoreClock
    key.o(.text) refers to stm32f10x_rcc.o(.text) for RCC_APB2PeriphClockCmd
    key.o(.text) refers to stm32f10x_gpio.o(.text) for GPIO_Init
    key.o(.text) refers to delay.o(.text) for delay_ms
    key.o(.text) refers to key.o(.data) for key_up
    lcd.o(.text) refers to _printf_percent.o(.ARM.Collect$$_printf_percent$$00000000) for _printf_percent
    lcd.o(.text) refers to _printf_x.o(.ARM.Collect$$_printf_percent$$0000000C) for _printf_x
    lcd.o(.text) refers to _printf_hex_int.o(.text) for _printf_longlong_hex
    lcd.o(.text) refers to delay.o(.text) for delay_us
    lcd.o(.text) refers to lcd.o(.bss) for lcddev
    lcd.o(.text) refers to stm32f10x_rcc.o(.text) for RCC_AHBPeriphClockCmd
    lcd.o(.text) refers to stm32f10x_gpio.o(.text) for GPIO_Init
    lcd.o(.text) refers to stm32f10x_fsmc.o(.text) for FSMC_NORSRAMInit
    lcd.o(.text) refers to noretval__2printf.o(.text) for __2printf
    lcd.o(.text) refers to lcd.o(.data) for POINT_COLOR
    lcd.o(.text) refers to lcd.o(.constdata) for asc2_1206
    led.o(.text) refers to stm32f10x_rcc.o(.text) for RCC_APB2PeriphClockCmd
    led.o(.text) refers to stm32f10x_gpio.o(.text) for GPIO_Init
    delay.o(.text) refers to misc.o(.text) for SysTick_CLKSourceConfig
    delay.o(.text) refers to system_stm32f10x.o(.data) for SystemCoreClock
    delay.o(.text) refers to delay.o(.data) for fac_us
    sys.o(.text) refers to misc.o(.text) for NVIC_PriorityGroupConfig
    usart.o(.text) refers (Special) to use_no_semi_2.o(.text) for __use_no_semihosting
    usart.o(.text) refers to stm32f10x_rcc.o(.text) for RCC_APB2PeriphClockCmd
    usart.o(.text) refers to stm32f10x_usart.o(.text) for USART_DeInit
    usart.o(.text) refers to stm32f10x_gpio.o(.text) for GPIO_Init
    usart.o(.text) refers to misc.o(.text) for NVIC_Init
    usart.o(.data) refers (Special) to use_no_semi_2.o(.text) for __use_no_semihosting
    startup_stm32f10x_hd.o(STACK) refers (Special) to heapauxi.o(.text) for __use_two_region_memory
    startup_stm32f10x_hd.o(HEAP) refers (Special) to heapauxi.o(.text) for __use_two_region_memory
    startup_stm32f10x_hd.o(RESET) refers (Special) to heapauxi.o(.text) for __use_two_region_memory
    startup_stm32f10x_hd.o(RESET) refers to startup_stm32f10x_hd.o(STACK) for __initial_sp
    startup_stm32f10x_hd.o(RESET) refers to startup_stm32f10x_hd.o(.text) for Reset_Handler
    startup_stm32f10x_hd.o(RESET) refers to stm32f10x_it.o(.text) for NMI_Handler
    startup_stm32f10x_hd.o(.text) refers (Special) to heapauxi.o(.text) for __use_two_region_memory
    startup_stm32f10x_hd.o(.text) refers to system_stm32f10x.o(.text) for SystemInit
    startup_stm32f10x_hd.o(.text) refers to __main.o(!!!main) for __main
    startup_stm32f10x_hd.o(.text) refers to startup_stm32f10x_hd.o(HEAP) for Heap_Mem
    startup_stm32f10x_hd.o(.text) refers to startup_stm32f10x_hd.o(STACK) for Stack_Mem
    stm32f10x_gpio.o(.text) refers to stm32f10x_rcc.o(.text) for RCC_APB2PeriphResetCmd
    stm32f10x_rcc.o(.text) refers to stm32f10x_rcc.o(.data) for APBAHBPrescTable
    stm32f10x_usart.o(.text) refers to stm32f10x_rcc.o(.text) for RCC_APB2PeriphResetCmd
    dji_pro_app.o(.text) refers to rt_memcpy_v6.o(.text) for __aeabi_memcpy
    dji_pro_app.o(.text) refers to dji_pro_link.o(.text) for Pro_Send_Interface
    dji_pro_app.o(.text) refers to dji_pro_app.o(.bss) for Pro_Encode_Data
    dji_pro_codec.o(.text) refers to _scanf_int.o(.text) for _scanf_int
    dji_pro_codec.o(.text) refers to dji_pro_codec.o(.constdata) for sbox
    dji_pro_codec.o(.text) refers to rt_memmove_v6.o(.text) for __aeabi_memmove
    dji_pro_codec.o(.text) refers to rt_memclr.o(.text) for __aeabi_memclr
    dji_pro_codec.o(.text) refers to __0sscanf.o(.text) for __0sscanf
    dji_pro_codec.o(.text) refers to dji_pro_codec.o(.data) for crc_tab16
    dji_pro_codec.o(.text) refers to dji_pro_codec.o(.bss) for serial_sdk
[...]
    ..\DJIAPI\DJI_Pro_App.c                  0x00000000   Number         0  dji_pro_app.o ABSOLUTE
    ..\DJIAPI\DJI_Pro_Codec.c                0x00000000   Number         0  dji_pro_codec.o ABSOLUTE
    ..\DJIAPI\DJI_Pro_Link.c                 0x00000000   Number         0  dji_pro_link.o ABSOLUTE
    ..\DJIAPI\DJI_Pro_Test.c                 0x00000000   Number         0  dji_pro_test.o ABSOLUTE
    ..\HARDWARE\KEY\key.c                    0x00000000   Number         0  key.o ABSOLUTE
    ..\HARDWARE\LCD\lcd.c                    0x00000000   Number         0  lcd.o ABSOLUTE
    ..\HARDWARE\LED\led.c                    0x00000000   Number         0  led.o ABSOLUTE
    ..\STM32F10x_FWLib\src\misc.c            0x00000000   Number         0  misc.o ABSOLUTE
    ..\STM32F10x_FWLib\src\stm32f10x_fsmc.c  0x00000000   Number         0  stm32f10x_fsmc.o ABSOLUTE
    ..\STM32F10x_FWLib\src\stm32f10x_gpio.c  0x00000000   Number         0  stm32f10x_gpio.o ABSOLUTE
    ..\STM32F10x_FWLib\src\stm32f10x_rcc.c   0x00000000   Number         0  stm32f10x_rcc.o ABSOLUTE
    ..\STM32F10x_FWLib\src\stm32f10x_usart.c 0x00000000   Number         0  stm32f10x_usart.o ABSOLUTE
    ..\SYSTEM\delay\delay.c                  0x00000000   Number         0  delay.o ABSOLUTE
    ..\SYSTEM\sys\sys.c                      0x00000000   Number         0  sys.o ABSOLUTE
    ..\SYSTEM\usart\usart.c                  0x00000000   Number         0  usart.o ABSOLUTE
    ..\USER\main.c                           0x00000000   Number         0  main.o ABSOLUTE
    ..\USER\stm32f10x_it.c                   0x00000000   Number         0  stm32f10x_it.o ABSOLUTE
    ..\USER\system_stm32f10x.c               0x00000000   Number         0  system_stm32f10x.o ABSOLUTE
    ..\\CORE\\core_cm3.c                     0x00000000   Number         0  core_cm3.o ABSOLUTE
    dc.s                                     0x00000000   Number         0  dc.o ABSOLUTE
    RESET                                    0x08000000   Section      304  startup_stm32f10x_hd.o(RESET)
    !!!main                                  0x08000130   Section        8  __main.o(!!!main)
    !!!scatter                               0x08000138   Section       52  __scatter.o(!!!scatter)
    !!dclz77c                                0x0800016c   Section      100  __dclz77c.o(!!dclz77c)
    !!handler_zi                             0x080001d0   Section       28  __scatter_zi.o(!!handler_zi)
    .ARM.Collect$$_printf_percent$$00000000  0x080001ec   Section        0  _printf_percent.o(.ARM.Collect$$_printf_percent$$00000000)
    .ARM.Collect$$_printf_percent$$0000000C  0x080001ec   Section        6  _printf_x.o(.ARM.Collect$$_printf_percent$$0000000C)
    .ARM.Collect$$_printf_percent$$00000017  0x080001f2   Section        4  _printf_percent_end.o(.ARM.Collect$$_printf_percent$$00000017)
    .ARM.Collect$$libinit$$00000000          0x080001f6   Section        2  libinit.o(.ARM.Collect$$libinit$$00000000)
    .ARM.Collect$$libinit$$00000002          0x080001f8   Section        0  libinit2.o(.ARM.Collect$$libinit$$00000002)
    .ARM.Collect$$libinit$$00000008          0x080001f8   Section        0  libinit2.o(.ARM.Collect$$libinit$$00000008)
    .ARM.Collect$$libinit$$0000000A          0x080001f8   Section        0  libinit2.o(.ARM.Collect$$libinit$$0000000A)
    .ARM.Collect$$libinit$$0000000C          0x080001f8   Section        0  libinit2.o(.ARM.Collect$$libinit$$0000000C)
    .ARM.Collect$$libinit$$0000000D          0x080001f8   Section        6  libinit2.o(.ARM.Collect$$libinit$$0000000D)
    .ARM.Collect$$libinit$$0000000F          0x080001fe   Section        0  libinit2.o(.ARM.Collect$$libinit$$0000000F)
    .ARM.Collect$$libinit$$00000010          0x080001fe   Section       12  libinit2.o(.ARM.Collect$$libinit$$00000010)
    .ARM.Collect$$libinit$$00000011          0x0800020a   Section        0  libinit2.o(.ARM.Collect$$libinit$$00000011)
    .ARM.Collect$$libinit$$00000013          0x0800020a   Section        0  libinit2.o(.ARM.Collect$$libinit$$00000013)
    .ARM.Collect$$libinit$$00000015          0x0800020a   Section        0  libinit2.o(.ARM.Collect$$libinit$$00000015)
    .ARM.Collect$$libinit$$00000017          0x0800020a   Section        0  libinit2.o(.ARM.Collect$$libinit$$00000017)
    .ARM.Collect$$libinit$$00000019          0x0800020a   Section        0  libinit2.o(.ARM.Collect$$libinit$$00000019)
    .ARM.Collect$$libinit$$0000001B          0x0800020a   Section        0  libinit2.o(.ARM.Collect$$libinit$$0000001B)
    .ARM.Collect$$libinit$$0000001D          0x0800020a   Section        0  libinit2.o(.ARM.Collect$$libinit$$0000001D)
    .ARM.Collect$$libinit$$0000001F          0x0800020a   Section        0  libinit2.o(.ARM.Collect$$libinit$$0000001F)
    .ARM.Collect$$libinit$$00000021          0x0800020a   Section        0  libinit2.o(.ARM.Collect$$libinit$$00000021)
    .ARM.Collect$$libinit$$00000023          0x0800020a   Section        0  libinit2.o(.ARM.Collect$$libinit$$00000023)
    .ARM.Collect$$libinit$$0000002A          0x0800020a   Section        0  libinit2.o(.ARM.Collect$$libinit$$0000002A)
    .ARM.Collect$$libinit$$0000002C          0x0800020a   Section        0  libinit2.o(.ARM.Collect$$libinit$$0000002C)
    .ARM.Collect$$libinit$$0000002E          0x0800020a   Section        0  libinit2.o(.ARM.Collect$$libinit$$0000002E)
    .ARM.Collect$$libinit$$00000030          0x0800020a   Section        0  libinit2.o(.ARM.Collect$$libinit$$00000030)
    .ARM.Collect$$libinit$$00000031          0x0800020a   Section        2  libinit2.o(.ARM.Collect$$libinit$$00000031)
    .ARM.Collect$$libshutdown$$00000000      0x0800020c   Section        2  libshutdown.o(.ARM.Collect$$libshutdown$$00000000)
    .ARM.Collect$$libshutdown$$00000003      0x0800020e   Section        0  libshutdown2.o(.ARM.Collect$$libshutdown$$00000003)
    .ARM.Collect$$libshutdown$$00000006      0x0800020e   Section        0  libshutdown2.o(.ARM.Collect$$libshutdown$$00000006)
    .ARM.Collect$$libshutdown$$00000009      0x0800020e   Section        0  libshutdown2.o(.ARM.Collect$$libshutdown$$00000009)
    .ARM.Collect$$libshutdown$$0000000B      0x0800020e   Section        0  libshutdown2.o(.ARM.Collect$$libshutdown$$0000000B)
    .ARM.Collect$$libshutdown$$0000000E      0x0800020e   Section        0  libshutdown2.o(.ARM.Collect$$libshutdown$$0000000E)
    .ARM.Collect$$libshutdown$$0000000F      0x0800020e   Section        2  libshutdown2.o(.ARM.Collect$$libshutdown$$0000000F)
    .ARM.Collect$$rtentry$$00000000          0x08000210   Section        0  rtentry.o(.ARM.Collect$$rtentry$$00000000)
    .ARM.Collect$$rtentry$$00000002          0x08000210   Section        0  rtentry2.o(.ARM.Collect$$rtentry$$00000002)
    .ARM.Collect$$rtentry$$00000004          0x08000210   Section        6  rtentry4.o(.ARM.Collect$$rtentry$$00000004)
    .ARM.Collect$$rtentry$$00000009          0x08000216   Section        0  rtentry2.o(.ARM.Collect$$rtentry$$00000009)
    .ARM.Collect$$rtentry$$0000000A          0x08000216   Section        4  rtentry2.o(.ARM.Collect$$rtentry$$0000000A)
    .ARM.Collect$$rtentry$$0000000C          0x0800021a   Section        0  rtentry2.o(.ARM.Collect$$rtentry$$0000000C)
    .ARM.Collect$$rtentry$$0000000D          0x0800021a   Section        8  rtentry2.o(.ARM.Collect$$rtentry$$0000000D)
    .ARM.Collect$$rtexit$$00000000           0x08000222   Section        2  rtexit.o(.ARM.Collect$$rtexit$$00000000)
    .ARM.Collect$$rtexit$$00000002           0x08000224   Section        0  rtexit2.o(.ARM.Collect$$rtexit$$00000002)
    .ARM.Collect$$rtexit$$00000003           0x08000224   Section        4  rtexit2.o(.ARM.Collect$$rtexit$$00000003)
    .ARM.Collect$$rtexit$$00000004           0x08000228   Section        6  rtexit2.o(.ARM.Collect$$rtexit$$00000004)
    .text                                    0x08000230   Section        0  main.o(.text)
    .text                                    0x08000608   Section        0  stm32f10x_it.o(.text)
    .text                                    0x08000658   Section        0  system_stm32f10x.o(.text)
    SetSysClockTo72                          0x08000659   Thumb Code   212  system_stm32f10x.o(.text)
    SetSysClock                              0x0800072d   Thumb Code     8  system_stm32f10x.o(.text)
    .text                                    0x08000834   Section        0  key.o(.text)
    .text                                    0x08000930   Section        0  lcd.o(.text)
    .text                                    0x08002d40   Section        0  led.o(.text)
    .text                                    0x08002d74   Section        0  delay.o(.text)
    .text                                    0x08002e70   Section        0  sys.o(.text)
    .text                                    0x08002e7c   Section        0  usart.o(.text)
    .text                                    0x08002f70   Section       64  startup_stm32f10x_hd.o(.text)
    .text                                    0x08002fb0   Section        0  misc.o(.text)
    .text                                    0x0800308c   Section        0  stm32f10x_gpio.o(.text)
    .text                                    0x080033e4   Section        0  stm32f10x_rcc.o(.text)
    .text                                    0x08003788   Section        0  stm32f10x_usart.o(.text)
    .text                                    0x08003b90   Section        0  stm32f10x_fsmc.o(.text)
    .text                                    0x080041a8   Section        0  dji_pro_app.o(.text)
    .text                                    0x08004230   Section        0  dji_pro_codec.o(.text)
    sdk_transform2byte                       0x08004ac3   Thumb Code    60  dji_pro_codec.o(.text)
    .text                                    0x08004c40   Section        0  dji_pro_link.o(.text)
    Send_Pro_Data                            0x08004c41   Thumb Code    20  dji_pro_link.o(.text)
    .text                                    0x08004eec   Section        0  dji_pro_test.o(.text)
    .text                                    0x08005254   Section        2  use_no_semi_2.o(.text)
    .text                                    0x08005258   Section        0  noretval__2printf.o(.text)
    .text                                    0x08005270   Section        0  __printf.o(.text)
    .text                                    0x080052d8   Section        0  _printf_hex_int.o(.text)
    .text                                    0x08005334   Section        0  __0sscanf.o(.text)
    .text                                    0x08005370   Section        0  _scanf_int.o(.text)
    .text                                    0x080054c0   Section      138  rt_memcpy_v6.o(.text)
    .text                                    0x0800554a   Section      132  rt_memmove_v6.o(.text)
    .text                                    0x080055ce   Section      100  rt_memcpy_w.o(.text)
    .text                                    0x08005632   Section       68  rt_memclr.o(.text)
    .text                                    0x08005676   Section       78  rt_memclr_w.o(.text)
    .text                                    0x080056c4   Section        0  heapauxi.o(.text)
    .text                                    0x080056ca   Section        2  use_no_semi.o(.text)
    .text                                    0x080056cc   Section        0  _rserrno.o(.text)
    .text                                    0x080056e2   Section        0  _printf_intcommon.o(.text)
    .text                                    0x0800579c   Section        0  _printf_char_file.o(.text)
    .text                                    0x080057c0   Section        0  _chval.o(.text)
    .text                                    0x080057dc   Section        0  scanf_char.o(.text)
    _scanf_char_input                        0x080057dd   Thumb Code    12  scanf_char.o(.text)
    .text                                    0x08005808   Section        0  _sgetc.o(.text)
    .text                                    0x08005848   Section      122  rt_memmove_w.o(.text)
    .text                                    0x080058c4   Section        8  rt_errno_addr_intlibspace.o(.text)
    .text                                    0x080058cc   Section        0  isspace.o(.text)
    .text                                    0x080058e0   Section        0  _printf_char_common.o(.text)
    _printf_input_char                       0x080058e1   Thumb Code    10  _printf_char_common.o(.text)
    .text                                    0x08005910   Section        0  _scanf.o(.text)
    .text                                    0x08005c80   Section        0  ferror.o(.text)
    .text                                    0x08005c88   Section        8  libspace.o(.text)
    .text                                    0x08005c90   Section       74  sys_stackheap_outer.o(.text)
    .text                                    0x08005cdc   Section       16  rt_ctype_table.o(.text)
    .text                                    0x08005cec   Section        0  exit.o(.text)
    .text                                    0x08005cf8   Section        8  rt_locale_intlibspace.o(.text)
    .text                                    0x08005d00   Section      128  strcmpv7m.o(.text)
    i.__ARM_fpclassify                       0x08005d80   Section        0  fpclassify.o(i.__ARM_fpclassify)
    i.__ieee754_rem_pio2                     0x08005da8   Section        0  rred.o(i.__ieee754_rem_pio2)
    i.__kernel_cos                           0x08006130   Section        0  cos_i.o(i.__kernel_cos)
    i.__kernel_poly                          0x0800622c   Section        0  poly.o(i.__kernel_poly)
    i.__kernel_sin                           0x080062d8   Section        0  sin_i.o(i.__kernel_sin)
    i.__mathlib_dbl_underflow                0x080063c4   Section        0  dunder.o(i.__mathlib_dbl_underflow)
    i.cos                                    0x080063d4   Section        0  cos.o(i.cos)
    i.sin                                    0x08006480   Section        0  sin.o(i.sin)
    locale$$code                             0x08006530   Section       44  lc_ctype_c.o(locale$$code)
    x$fpl$d2f                                0x0800655c   Section       98  d2f.o(x$fpl$d2f)
    x$fpl$dadd                               0x080065c0   Section      336  daddsub_clz.o(x$fpl$dadd)
    _dadd1                                   0x080065d1   Thumb Code     0  daddsub_clz.o(x$fpl$dadd)
    x$fpl$dcheck1                            0x08006710   Section       16  dcheck1.o(x$fpl$dcheck1)
    x$fpl$ddiv                               0x08006720   Section      688  ddiv.o(x$fpl$ddiv)
    ddiv_entry                               0x08006727   Thumb Code     0  ddiv.o(x$fpl$ddiv)
    x$fpl$dfix                               0x080069d0   Section       94  dfix.o(x$fpl$dfix)
    x$fpl$dflt                               0x08006a2e   Section       46  dflt_clz.o(x$fpl$dflt)
    x$fpl$dfltu                              0x08006a5c   Section       38  dflt_clz.o(x$fpl$dfltu)
    x$fpl$dmul                               0x08006a84   Section      340  dmul.o(x$fpl$dmul)
    x$fpl$dnaninf                            0x08006bd8   Section      156  dnaninf.o(x$fpl$dnaninf)
    x$fpl$dretinf                            0x08006c74   Section       12  dretinf.o(x$fpl$dretinf)
    x$fpl$drsb                               0x08006c80   Section       22  daddsub_clz.o(x$fpl$drsb)
    x$fpl$dsub                               0x08006c98   Section      468  daddsub_clz.o(x$fpl$dsub)
    _dsub1                                   0x08006ca9   Thumb Code     0  daddsub_clz.o(x$fpl$dsub)
    x$fpl$fretinf                            0x08006e6c   Section       10  fretinf.o(x$fpl$fretinf)
    x$fpl$retnan                             0x08006e76   Section      100  retnan.o(x$fpl$retnan)
    x$fpl$scalbn                             0x08006eda   Section       92  scalbn.o(x$fpl$scalbn)
    x$fpl$trapveneer                         0x08006f36   Section       48  trapv.o(x$fpl$trapveneer)
    .constdata                               0x08006f66   Section     2660  lcd.o(.constdata)
    x$fpl$usenofp                            0x08006f66   Section        0  usenofp.o(x$fpl$usenofp)
    .constdata                               0x080079ca   Section      514  dji_pro_codec.o(.constdata)
    .constdata                               0x08007bcc   Section       65  dji_pro_test.o(.constdata)
    .constdata                               0x08007c0d   Section       40  _printf_hex_int.o(.constdata)
    uc_hextab                                0x08007c0d   Data          20  _printf_hex_int.o(.constdata)
    lc_hextab                                0x08007c21   Data          20  _printf_hex_int.o(.constdata)
    .constdata                               0x08007c38   Section       48  cos_i.o(.constdata)
    C                                        0x08007c38   Data          48  cos_i.o(.constdata)
    .constdata                               0x08007c68   Section      200  rred.o(.constdata)
    pio2s                                    0x08007c68   Data          48  rred.o(.constdata)
    twooverpi                                0x08007c98   Data         152  rred.o(.constdata)
    .constdata                               0x08007d30   Section       40  sin_i.o(.constdata)
    S                                        0x08007d30   Data          40  sin_i.o(.constdata)
    locale$$data                             0x08007d78   Section      272  lc_ctype_c.o(locale$$data)
    __lcctype_c_name                         0x08007d7c   Data           2  lc_ctype_c.o(locale$$data)
    __lcctype_c_start                        0x08007d84   Data           0  lc_ctype_c.o(locale$$data)
    __lcctype_c_end                          0x08007e88   Data           0  lc_ctype_c.o(locale$$data)
    .data                                    0x20000000   Section       25  main.o(.data)
    .data                                    0x20000019   Section        1  stm32f10x_it.o(.data)
    .data                                    0x2000001c   Section       20  system_stm32f10x.o(.data)
    .data                                    0x20000030   Section        1  key.o(.data)
    key_up                                   0x20000030   Data           1  key.o(.data)
    .data                                    0x20000032   Section        4  lcd.o(.data)
    .data                                    0x20000036   Section        4  delay.o(.data)
    fac_us                                   0x20000036   Data           1  delay.o(.data)
    fac_ms                                   0x20000038   Data           2  delay.o(.data)
    .data                                    0x2000003c   Section        4  usart.o(.data)
    .data                                    0x20000040   Section       20  stm32f10x_rcc.o(.data)
    APBAHBPrescTable                         0x20000040   Data          16  stm32f10x_rcc.o(.data)
    ADCPrescTable                            0x20000050   Data           4  stm32f10x_rcc.o(.data)
    .data                                    0x20000054   Section     1540  dji_pro_codec.o(.data)
    .data                                    0x20000658   Section        2  dji_pro_link.o(.data)
    global_seq_num                           0x20000658   Data           2  dji_pro_link.o(.data)
    .data                                    0x2000065c   Section       48  dji_pro_test.o(.data)
    activation_msg                           0x2000065c   Data          44  dji_pro_test.o(.data)
    key                                      0x20000688   Data           4  dji_pro_test.o(.data)
    .bss                                     0x2000068c   Section      160  stm32f10x_it.o(.bss)
    .bss                                     0x2000072c   Section       10  lcd.o(.bss)
    .bss                                     0x20000738   Section     1036  dji_pro_app.o(.bss)
    cmd_unit                                 0x20000738   Data          12  dji_pro_app.o(.bss)
    Pro_Encode_Data                          0x20000744   Data        1024  dji_pro_app.o(.bss)
    .bss                                     0x20000b44   Section      340  dji_pro_codec.o(.bss)
    .bss                                     0x20000c98   Section    17224  dji_pro_link.o(.bss)
    Send_Session_Common_Tab                  0x20000c98   Data          16  dji_pro_link.o(.bss)
    Send_Global_Common_Memory                0x20000ca8   Data         528  dji_pro_link.o(.bss)
    Send_Session_Tab                         0x20000eb8   Data         480  dji_pro_link.o(.bss)
    Send_MMU_Tab                             0x20001098   Data         360  dji_pro_link.o(.bss)
    Send_Global_Memory                       0x20001200   Data       15840  dji_pro_link.o(.bss)
    .bss                                     0x20004fe0   Section       96  libspace.o(.bss)
    HEAP                                     0x20005040   Section      512  startup_stm32f10x_hd.o(HEAP)
    Heap_Mem                                 0x20005040   Data         512  startup_stm32f10x_hd.o(HEAP)
    STACK                                    0x20005240   Section     1024  startup_stm32f10x_hd.o(STACK)
    Stack_Mem                                0x20005240   Data        1024  startup_stm32f10x_hd.o(STACK)
    __initial_sp                             0x20005640   Data           0  startup_stm32f10x_hd.o(STACK)

    Global Symbols

    Symbol Name                              Value     Ov Type        Size  Object(Section)

    BuildAttributes$$THM_ISAv4$P$D$K$B$S$PE$A:L22UL41UL21$X:L11$S22US41US21$IEEE1$IW$USESV6$~STKCKD$USESV7$~SHL$OTIME$ROPI$IEEEX$EBA8$UX$STANDARDLIB$REQ8$PRES8$EABIv2 0x00000000   Number         0  anon$$obj.o ABSOLUTE
    __ARM_use_no_argv                        0x00000000   Number         0  main.o ABSOLUTE
    __ARM_exceptions_init                     - Undefined Weak Reference
    __alloca_initialize                       - Undefined Weak Reference
    __cpp_initialize__aeabi_                  - Undefined Weak Reference
    __cxa_finalize                            - Undefined Weak Reference
    __sigvec_lookup                           - Undefined Weak Reference
    _atexit_init                              - Undefined Weak Reference
    _call_atexit_fns                          - Undefined Weak Reference
    _clock_init                               - Undefined Weak Reference
    _fp_trap_init                             - Undefined Weak Reference
    _fp_trap_shutdown                         - Undefined Weak Reference
    _get_lc_collate                           - Undefined Weak Reference
    _get_lc_monetary                          - Undefined Weak Reference
    _get_lc_numeric                           - Undefined Weak Reference
    _get_lc_time                              - Undefined Weak Reference
    _getenv_init                              - Undefined Weak Reference
    _handle_redirection                       - Undefined Weak Reference
    _init_alloc                               - Undefined Weak Reference
    _init_user_alloc                          - Undefined Weak Reference
    _initio                                   - Undefined Weak Reference
    _mutex_acquire                            - Undefined Weak Reference
    _mutex_release                            - Undefined Weak Reference
    _printf_post_padding                      - Undefined Weak Reference
    _printf_pre_padding                       - Undefined Weak Reference
    _printf_truncate_unsigned                 - Undefined Weak Reference
    _rand_init                                - Undefined Weak Reference
    _scanf_longlong                           - Undefined Weak Reference
    _scanf_mbtowc                             - Undefined Weak Reference
    _scanf_real                               - Undefined Weak Reference
    _scanf_string                             - Undefined Weak Reference
    _scanf_wctomb                             - Undefined Weak Reference
    _scanf_wstring                            - Undefined Weak Reference
    _signal_finish                            - Undefined Weak Reference
    _signal_init                              - Undefined Weak Reference
    _terminate_alloc                          - Undefined Weak Reference
    _terminate_user_alloc                     - Undefined Weak Reference
    _terminateio                              - Undefined Weak Reference
    __Vectors_Size                           0x00000130   Number         0  startup_stm32f10x_hd.o ABSOLUTE
    __Vectors                                0x08000000   Data           4  startup_stm32f10x_hd.o(RESET)
    __Vectors_End                            0x08000130   Data           0  startup_stm32f10x_hd.o(RESET)
    __main                                   0x08000131   Thumb Code     8  __main.o(!!!main)
    __scatterload                            0x08000139   Thumb Code     0  __scatter.o(!!!scatter)
    __scatterload_rt2                        0x08000139   Thumb Code    44  __scatter.o(!!!scatter)
    __scatterload_rt2_thumb_only             0x08000139   Thumb Code     0  __scatter.o(!!!scatter)
    __scatterload_null                       0x08000147   Thumb Code     0  __scatter.o(!!!scatter)
    __decompress                             0x0800016d   Thumb Code   100  __dclz77c.o(!!dclz77c)
    __decompress2                            0x0800016d   Thumb Code     0  __dclz77c.o(!!dclz77c)
    __scatterload_zeroinit                   0x080001d1   Thumb Code    28  __scatter_zi.o(!!handler_zi)
    _printf_percent                          0x080001ed   Thumb Code     0  _printf_percent.o(.ARM.Collect$$_printf_percent$$00000000)
    _printf_x                                0x080001ed   Thumb Code     0  _printf_x.o(.ARM.Collect$$_printf_percent$$0000000C)
    _printf_percent_end                      0x080001f3   Thumb Code     0  _printf_percent_end.o(.ARM.Collect$$_printf_percent$$00000017)
    __rt_lib_init                            0x080001f7   Thumb Code     0  libinit.o(.ARM.Collect$$libinit$$00000000)
    __rt_lib_init_fp_1                       0x080001f9   Thumb Code     0  libinit2.o(.ARM.Collect$$libinit$$00000002)
    __rt_lib_init_heap_1                     0x080001f9   Thumb Code     0  libinit2.o(.ARM.Collect$$libinit$$00000008)
    __rt_lib_init_lc_common                  0x080001f9   Thumb Code     0  libinit2.o(.ARM.Collect$$libinit$$0000000D)
    __rt_lib_init_rand_1                     0x080001f9   Thumb Code     0  libinit2.o(.ARM.Collect$$libinit$$0000000C)
    __rt_lib_init_user_alloc_1               0x080001f9   Thumb Code     0  libinit2.o(.ARM.Collect$$libinit$$0000000A)
    __rt_lib_init_lc_collate_1               0x080001ff   Thumb Code     0  libinit2.o(.ARM.Collect$$libinit$$0000000F)
    __rt_lib_init_lc_ctype_2                 0x080001ff   Thumb Code     0  libinit2.o(.ARM.Collect$$libinit$$00000010)
    __rt_lib_init_alloca_1                   0x0800020b   Thumb Code     0  libinit2.o(.ARM.Collect$$libinit$$0000002C)
    __rt_lib_init_argv_1                     0x0800020b   Thumb Code     0  libinit2.o(.ARM.Collect$$libinit$$0000002A)
    __rt_lib_init_atexit_1                   0x0800020b   Thumb Code     0  libinit2.o(.ARM.Collect$$libinit$$00000019)
    __rt_lib_init_clock_1                    0x0800020b   Thumb Code     0  libinit2.o(.ARM.Collect$$libinit$$0000001F)
    __rt_lib_init_cpp_1                      0x0800020b   Thumb Code     0  libinit2.o(.ARM.Collect$$libinit$$00000030)
    __rt_lib_init_exceptions_1               0x0800020b   Thumb Code     0  libinit2.o(.ARM.Collect$$libinit$$0000002E)
    __rt_lib_init_fp_trap_1                  0x0800020b   Thumb Code     0  libinit2.o(.ARM.Collect$$libinit$$0000001D)
    __rt_lib_init_getenv_1                   0x0800020b   Thumb Code     0  libinit2.o(.ARM.Collect$$libinit$$00000021)
    __rt_lib_init_lc_ctype_1                 0x0800020b   Thumb Code     0  libinit2.o(.ARM.Collect$$libinit$$00000011)
    __rt_lib_init_lc_monetary_1              0x0800020b   Thumb Code     0  libinit2.o(.ARM.Collect$$libinit$$00000013)
    __rt_lib_init_lc_numeric_1               0x0800020b   Thumb Code     0  libinit2.o(.ARM.Collect$$libinit$$00000015)
    __rt_lib_init_lc_time_1                  0x0800020b   Thumb Code     0  libinit2.o(.ARM.Collect$$libinit$$00000017)
    __rt_lib_init_return                     0x0800020b   Thumb Code     0  libinit2.o(.ARM.Collect$$libinit$$00000031)
    __rt_lib_init_signal_1                   0x0800020b   Thumb Code     0  libinit2.o(.ARM.Collect$$libinit$$0000001B)
    __rt_lib_init_stdio_1                    0x0800020b   Thumb Code     0  libinit2.o(.ARM.Collect$$libinit$$00000023)
    __rt_lib_shutdown                        0x0800020d   Thumb Code     0  libshutdown.o(.ARM.Collect$$libshutdown$$00000000)
    __rt_lib_shutdown_fp_trap_1              0x0800020f   Thumb Code     0  libshutdown2.o(.ARM.Collect$$libshutdown$$00000006)
    __rt_lib_shutdown_heap_1                 0x0800020f   Thumb Code     0  libshutdown2.o(.ARM.Collect$$libshutdown$$0000000E)
    __rt_lib_shutdown_return                 0x0800020f   Thumb Code     0  libshutdown2.o(.ARM.Collect$$libshutdown$$0000000F)
    __rt_lib_shutdown_signal_1               0x0800020f   Thumb Code     0  libshutdown2.o(.ARM.Collect$$libshutdown$$00000009)
    __rt_lib_shutdown_stdio_1                0x0800020f   Thumb Code     0  libshutdown2.o(.ARM.Collect$$libshutdown$$00000003)
    __rt_lib_shutdown_user_alloc_1           0x0800020f   Thumb Code     0  libshutdown2.o(.ARM.Collect$$libshutdown$$0000000B)
    __rt_entry                               0x08000211   Thumb Code     0  rtentry.o(.ARM.Collect$$rtentry$$00000000)
    __rt_entry_presh_1                       0x08000211   Thumb Code     0  rtentry2.o(.ARM.Collect$$rtentry$$00000002)
    __rt_entry_sh                            0x08000211   Thumb Code     0  rtentry4.o(.ARM.Collect$$rtentry$$00000004)
    __rt_entry_li                            0x08000217   Thumb Code     0  rtentry2.o(.ARM.Collect$$rtentry$$0000000A)
    __rt_entry_postsh_1                      0x08000217   Thumb Code     0  rtentry2.o(.ARM.Collect$$rtentry$$00000009)
    __rt_entry_main                          0x0800021b   Thumb Code     0  rtentry2.o(.ARM.Collect$$rtentry$$0000000D)
    __rt_entry_postli_1                      0x0800021b   Thumb Code     0  rtentry2.o(.ARM.Collect$$rtentry$$0000000C)
    __rt_exit                                0x08000223   Thumb Code     0  rtexit.o(.ARM.Collect$$rtexit$$00000000)
    __rt_exit_ls                             0x08000225   Thumb Code     0  rtexit2.o(.ARM.Collect$$rtexit$$00000003)
    __rt_exit_prels_1                        0x08000225   Thumb Code     0  rtexit2.o(.ARM.Collect$$rtexit$$00000002)
    __rt_exit_exit                           0x08000229   Thumb Code     0  rtexit2.o(.ARM.Collect$$rtexit$$00000004)
    display                                  0x08000231   Thumb Code    26  main.o(.text)
    main                                     0x0800024b   Thumb Code   682  main.o(.text)
    NMI_Handler                              0x08000609   Thumb Code     2  stm32f10x_it.o(.text)
    HardFault_Handler                        0x0800060b   Thumb Code     4  stm32f10x_it.o(.text)
    MemManage_Handler                        0x0800060f   Thumb Code     4  stm32f10x_it.o(.text)
    BusFault_Handler                         0x08000613   Thumb Code     4  stm32f10x_it.o(.text)
    UsageFault_Handler                       0x08000617   Thumb Code     4  stm32f10x_it.o(.text)
    SVC_Handler                              0x0800061b   Thumb Code     2  stm32f10x_it.o(.text)
    DebugMon_Handler                         0x0800061d   Thumb Code     2  stm32f10x_it.o(.text)
    PendSV_Handler                           0x0800061f   Thumb Code     2  stm32f10x_it.o(.text)
    SysTick_Handler                          0x08000621   Thumb Code     2  stm32f10x_it.o(.text)
    USART1_IRQHandler                        0x08000623   Thumb Code    40  stm32f10x_it.o(.text)
    SystemInit                               0x08000735   Thumb Code    78  system_stm32f10x.o(.text)
    SystemCoreClockUpdate                    0x08000783   Thumb Code   142  system_stm32f10x.o(.text)
    KEY_Init                                 0x08000835   Thumb Code    52  key.o(.text)
    KEY_Scan                                 0x08000869   Thumb Code   188  key.o(.text)
    LCD_WR_REG                               0x08000931   Thumb Code     6  lcd.o(.text)
    LCD_WR_DATA                              0x08000937   Thumb Code     8  lcd.o(.text)
    LCD_RD_DATA                              0x0800093f   Thumb Code     8  lcd.o(.text)
    LCD_WriteReg                             0x08000947   Thumb Code    10  lcd.o(.text)
    LCD_ReadReg                              0x08000951   Thumb Code    22  lcd.o(.text)
    LCD_WriteRAM_Prepare                     0x08000967   Thumb Code    10  lcd.o(.text)
    LCD_WriteRAM                             0x08000971   Thumb Code     8  lcd.o(.text)
    LCD_BGR2RGB                              0x08000979   Thumb Code    26  lcd.o(.text)
    opt_delay                                0x08000993   Thumb Code    14  lcd.o(.text)
    LCD_SetCursor                            0x080009a1   Thumb Code   112  lcd.o(.text)
    LCD_ReadPoint                            0x08000a11   Thumb Code   278  lcd.o(.text)
    LCD_DisplayOn                            0x08000b27   Thumb Code    46  lcd.o(.text)
    LCD_DisplayOff                           0x08000b55   Thumb Code    44  lcd.o(.text)
    LCD_Scan_Dir                             0x08000b81   Thumb Code   464  lcd.o(.text)
    LCD_DrawPoint                            0x08000d51   Thumb Code    28  lcd.o(.text)
    LCD_Fast_DrawPoint                       0x08000d6d   Thumb Code   128  lcd.o(.text)
    LCD_Display_Dir                          0x08000ded   Thumb Code   238  lcd.o(.text)
    LCD_Clear                                0x08000edb   Thumb Code    42  lcd.o(.text)
    LCD_Init                                 0x08000f05   Thumb Code  6252  lcd.o(.text)
    LCD_Fill                                 0x08002771   Thumb Code    80  lcd.o(.text)
    LCD_Color_Fill                           0x080027c1   Thumb Code    92  lcd.o(.text)
    LCD_DrawLine                             0x0800281d   Thumb Code   176  lcd.o(.text)
    LCD_DrawRectangle                        0x080028cd   Thumb Code    60  lcd.o(.text)
    Draw_Circle                              0x08002909   Thumb Code   152  lcd.o(.text)
    LCD_ShowChar                             0x080029a1   Thumb Code   362  lcd.o(.text)
    LCD_Pow                                  0x08002b0b   Thumb Code    22  lcd.o(.text)
    LCD_ShowNum                              0x08002b21   Thumb Code   148  lcd.o(.text)
    LCD_ShowxNum                             0x08002bb5   Thumb Code   190  lcd.o(.text)
    LCD_ShowString                           0x08002c73   Thumb Code   102  lcd.o(.text)
    HexToStr                                 0x08002cd9   Thumb Code    82  lcd.o(.text)
    LED_Init                                 0x08002d41   Thumb Code    46  led.o(.text)
    delay_init                               0x08002d75   Thumb Code    50  delay.o(.text)
    delay_us                                 0x08002da7   Thumb Code    70  delay.o(.text)
    delay_ms                                 0x08002ded   Thumb Code    70  delay.o(.text)
    delay                                    0x08002e33   Thumb Code    26  delay.o(.text)
    delay_s                                  0x08002e4d   Thumb Code    18  delay.o(.text)
    NVIC_Configuration                       0x08002e71   Thumb Code    12  sys.o(.text)
    _sys_exit                                0x08002e7d   Thumb Code     6  usart.o(.text)
    fputc                                    0x08002e83   Thumb Code    22  usart.o(.text)
    uart_init                                0x08002e99   Thumb Code   158  usart.o(.text)
    USART1_SendBuffer                        0x08002f37   Thumb Code    50  usart.o(.text)
    Reset_Handler                            0x08002f71   Thumb Code     8  startup_stm32f10x_hd.o(.text)
    ADC1_2_IRQHandler                        0x08002f8b   Thumb Code     0  startup_stm32f10x_hd.o(.text)
    ADC3_IRQHandler                          0x08002f8b   Thumb Code     0  startup_stm32f10x_hd.o(.text)
    CAN1_RX1_IRQHandler                      0x08002f8b   Thumb Code     0  startup_stm32f10x_hd.o(.text)
    CAN1_SCE_IRQHandler                      0x08002f8b   Thumb Code     0  startup_stm32f10x_hd.o(.text)
    DMA1_Channel1_IRQHandler                 0x08002f8b   Thumb Code     0  startup_stm32f10x_hd.o(.text)
    DMA1_Channel2_IRQHandler                 0x08002f8b   Thumb Code     0  startup_stm32f10x_hd.o(.text)
    DMA1_Channel3_IRQHandler                 0x08002f8b   Thumb Code     0  startup_stm32f10x_hd.o(.text)
    DMA1_Channel4_IRQHandler                 0x08002f8b   Thumb Code     0  startup_stm32f10x_hd.o(.text)
    DMA1_Channel5_IRQHandler                 0x08002f8b   Thumb Code     0  startup_stm32f10x_hd.o(.text)
    DMA1_Channel6_IRQHandler                 0x08002f8b   Thumb Code     0  startup_stm32f10x_hd.o(.text)
    DMA1_Channel7_IRQHandler                 0x08002f8b   Thumb Code     0  startup_stm32f10x_hd.o(.text)
    DMA2_Channel1_IRQHandler                 0x08002f8b   Thumb Code     0  startup_stm32f10x_hd.o(.text)
    DMA2_Channel2_IRQHandler                 0x08002f8b   Thumb Code     0  startup_stm32f10x_hd.o(.text)
    DMA2_Channel3_IRQHandler                 0x08002f8b   Thumb Code     0  startup_stm32f10x_hd.o(.text)
    DMA2_Channel4_5_IRQHandler               0x08002f8b   Thumb Code     0  startup_stm32f10x_hd.o(.text)
    EXTI0_IRQHandler                         0x08002f8b   Thumb Code     0  startup_stm32f10x_hd.o(.text)
    EXTI15_10_IRQHandler                     0x08002f8b   Thumb Code     0  startup_stm32f10x_hd.o(.text)
    EXTI1_IRQHandler                         0x08002f8b   Thumb Code     0  startup_stm32f10x_hd.o(.text)
    EXTI2_IRQHandler                         0x08002f8b   Thumb Code     0  startup_stm32f10x_hd.o(.text)
    EXTI3_IRQHandler                         0x08002f8b   Thumb Code     0  startup_stm32f10x_hd.o(.text)
    EXTI4_IRQHandler                         0x08002f8b   Thumb Code     0  startup_stm32f10x_hd.o(.text)
    EXTI9_5_IRQHandler                       0x08002f8b   Thumb Code     0  startup_stm32f10x_hd.o(.text)
    FLASH_IRQHandler                         0x08002f8b   Thumb Code     0  startup_stm32f10x_hd.o(.text)
    FSMC_IRQHandler                          0x08002f8b   Thumb Code     0  startup_stm32f10x_hd.o(.text)
    I2C1_ER_IRQHandler                       0x08002f8b   Thumb Code     0  startup_stm32f10x_hd.o(.text)
    I2C1_EV_IRQHandler                       0x08002f8b   Thumb Code     0  startup_stm32f10x_hd.o(.text)
    I2C2_ER_IRQHandler                       0x08002f8b   Thumb Code     0  startup_stm32f10x_hd.o(.text)
    I2C2_EV_IRQHandler                       0x08002f8b   Thumb Code     0  startup_stm32f10x_hd.o(.text)
    PVD_IRQHandler                           0x08002f8b   Thumb Code     0  startup_stm32f10x_hd.o(.text)
    RCC_IRQHandler                           0x08002f8b   Thumb Code     0  startup_stm32f10x_hd.o(.text)
    RTCAlarm_IRQHandler                      0x08002f8b   Thumb Code     0  startup_stm32f10x_hd.o(.text)
    RTC_IRQHandler                           0x08002f8b   Thumb Code     0  startup_stm32f10x_hd.o(.text)
    SDIO_IRQHandler                          0x08002f8b   Thumb Code     0  startup_stm32f10x_hd.o(.text)
    SPI1_IRQHandler                          0x08002f8b   Thumb Code     0  startup_stm32f10x_hd.o(.text)
    SPI2_IRQHandler                          0x08002f8b   Thumb Code     0  startup_stm32f10x_hd.o(.text)
    SPI3_IRQHandler                          0x08002f8b   Thumb Code     0  startup_stm32f10x_hd.o(.text)
    TAMPER_IRQHandler                        0x08002f8b   Thumb Code     0  startup_stm32f10x_hd.o(.text)
    TIM1_BRK_IRQHandler                      0x08002f8b   Thumb Code     0  startup_stm32f10x_hd.o(.text)
    TIM1_CC_IRQHandler                       0x08002f8b   Thumb Code     0  startup_stm32f10x_hd.o(.text)
    TIM1_TRG_COM_IRQHandler                  0x08002f8b   Thumb Code     0  startup_stm32f10x_hd.o(.text)
    TIM1_UP_IRQHandler                       0x08002f8b   Thumb Code     0  startup_stm32f10x_hd.o(.text)
    TIM2_IRQHandler                          0x08002f8b   Thumb Code     0  startup_stm32f10x_hd.o(.text)
    TIM3_IRQHandler                          0x08002f8b   Thumb Code     0  startup_stm32f10x_hd.o(.text)
    TIM4_IRQHandler                          0x08002f8b   Thumb Code     0  startup_stm32f10x_hd.o(.text)
    TIM5_IRQHandler                          0x08002f8b   Thumb Code     0  startup_stm32f10x_hd.o(.text)
    TIM6_IRQHandler                          0x08002f8b   Thumb Code     0  startup_stm32f10x_hd.o(.text)
    TIM7_IRQHandler                          0x08002f8b   Thumb Code     0  startup_stm32f10x_hd.o(.text)
    TIM8_BRK_IRQHandler                      0x08002f8b   Thumb Code     0  startup_stm32f10x_hd.o(.text)
    TIM8_CC_IRQHandler                       0x08002f8b   Thumb Code     0  startup_stm32f10x_hd.o(.text)
    TIM8_TRG_COM_IRQHandler                  0x08002f8b   Thumb Code     0  startup_stm32f10x_hd.o(.text)
    TIM8_UP_IRQHandler                       0x08002f8b   Thumb Code     0  startup_stm32f10x_hd.o(.text)
    UART4_IRQHandler                         0x08002f8b   Thumb Code     0  startup_stm32f10x_hd.o(.text)
    UART5_IRQHandler                         0x08002f8b   Thumb Code     0  startup_stm32f10x_hd.o(.text)
    USART2_IRQHandler                        0x08002f8b   Thumb Code     0  startup_stm32f10x_hd.o(.text)
    USART3_IRQHandler                        0x08002f8b   Thumb Code     0  startup_stm32f10x_hd.o(.text)
    USBWakeUp_IRQHandler                     0x08002f8b   Thumb Code     0  startup_stm32f10x_hd.o(.text)
    USB_HP_CAN1_TX_IRQHandler                0x08002f8b   Thumb Code     0  startup_stm32f10x_hd.o(.text)
    USB_LP_CAN1_RX0_IRQHandler               0x08002f8b   Thumb Code     0  startup_stm32f10x_hd.o(.text)
    WWDG_IRQHandler                          0x08002f8b   Thumb Code     0  startup_stm32f10x_hd.o(.text)
    __user_initial_stackheap                 0x08002f8d   Thumb Code     0  startup_stm32f10x_hd.o(.text)
    NVIC_PriorityGroupConfig                 0x08002fb1   Thumb Code    10  misc.o(.text)
    NVIC_Init                                0x08002fbb   Thumb Code   102  misc.o(.text)
    NVIC_SetVectorTable                      0x08003021   Thumb Code    14  misc.o(.text)
    NVIC_SystemLPConfig                      0x0800302f   Thumb Code    34  misc.o(.text)
    SysTick_CLKSourceConfig                  0x08003051   Thumb Code    40  misc.o(.text)
    GPIO_DeInit                              0x0800308d   Thumb Code   172  stm32f10x_gpio.o(.text)
    GPIO_AFIODeInit                          0x08003139   Thumb Code    20  stm32f10x_gpio.o(.text)
    GPIO_Init                                0x0800314d   Thumb Code   274  stm32f10x_gpio.o(.text)
    GPIO_StructInit                          0x0800325f   Thumb Code    16  stm32f10x_gpio.o(.text)
    GPIO_ReadInputDataBit                    0x0800326f   Thumb Code    18  stm32f10x_gpio.o(.text)
    GPIO_ReadInputData                       0x08003281   Thumb Code     8  stm32f10x_gpio.o(.text)
    GPIO_ReadOutputDataBit                   0x08003289   Thumb Code    18  stm32f10x_gpio.o(.text)
    GPIO_ReadOutputData                      0x0800329b   Thumb Code     8  stm32f10x_gpio.o(.text)
    GPIO_SetBits                             0x080032a3   Thumb Code     4  stm32f10x_gpio.o(.text)
    GPIO_ResetBits                           0x080032a7   Thumb Code     4  stm32f10x_gpio.o(.text)
    GPIO_WriteBit                            0x080032ab   Thumb Code    10  stm32f10x_gpio.o(.text)
    GPIO_Write                               0x080032b5   Thumb Code     4  stm32f10x_gpio.o(.text)
    GPIO_PinLockConfig                       0x080032b9   Thumb Code    18  stm32f10x_gpio.o(.text)
    GPIO_EventOutputConfig                   0x080032cb   Thumb Code    26  stm32f10x_gpio.o(.text)
    GPIO_EventOutputCmd                      0x080032e5   Thumb Code     6  stm32f10x_gpio.o(.text)
    GPIO_PinRemapConfig                      0x080032eb   Thumb Code   138  stm32f10x_gpio.o(.text)
    GPIO_EXTILineConfig                      0x08003375   Thumb Code    66  stm32f10x_gpio.o(.text)
    GPIO_ETH_MediaInterfaceConfig            0x080033b7   Thumb Code     6  stm32f10x_gpio.o(.text)
    RCC_DeInit                               0x080033e5   Thumb Code    64  stm32f10x_rcc.o(.text)
    RCC_HSEConfig                            0x08003425   Thumb Code    70  stm32f10x_rcc.o(.text)
    RCC_GetFlagStatus                        0x0800346b   Thumb Code    56  stm32f10x_rcc.o(.text)
    RCC_WaitForHSEStartUp                    0x080034a3   Thumb Code    56  stm32f10x_rcc.o(.text)
    RCC_AdjustHSICalibrationValue            0x080034db   Thumb Code    20  stm32f10x_rcc.o(.text)
    RCC_HSICmd                               0x080034ef   Thumb Code     6  stm32f10x_rcc.o(.text)
    RCC_PLLConfig                            0x080034f5   Thumb Code    24  stm32f10x_rcc.o(.text)
    RCC_PLLCmd                               0x0800350d   Thumb Code     6  stm32f10x_rcc.o(.text)
    RCC_SYSCLKConfig                         0x08003513   Thumb Code    18  stm32f10x_rcc.o(.text)
    RCC_GetSYSCLKSource                      0x08003525   Thumb Code    10  stm32f10x_rcc.o(.text)
    RCC_HCLKConfig                           0x0800352f   Thumb Code    18  stm32f10x_rcc.o(.text)
    RCC_PCLK1Config                          0x08003541   Thumb Code    18  stm32f10x_rcc.o(.text)
    RCC_PCLK2Config                          0x08003553   Thumb Code    20  stm32f10x_rcc.o(.text)
    RCC_ITConfig                             0x08003567   Thumb Code    26  stm32f10x_rcc.o(.text)
    RCC_USBCLKConfig                         0x08003581   Thumb Code     6  stm32f10x_rcc.o(.text)
    RCC_ADCCLKConfig                         0x08003587   Thumb Code    18  stm32f10x_rcc.o(.text)
    RCC_LSEConfig                            0x08003599   Thumb Code    44  stm32f10x_rcc.o(.text)
    RCC_LSICmd                               0x080035c5   Thumb Code     6  stm32f10x_rcc.o(.text)
    RCC_RTCCLKConfig                         0x080035cb   Thumb Code    12  stm32f10x_rcc.o(.text)
    RCC_RTCCLKCmd                            0x080035d7   Thumb Code     8  stm32f10x_rcc.o(.text)
    RCC_GetClocksFreq                        0x080035df   Thumb Code   192  stm32f10x_rcc.o(.text)
    RCC_AHBPeriphClockCmd                    0x0800369f   Thumb Code    26  stm32f10x_rcc.o(.text)
    RCC_APB2PeriphClockCmd                   0x080036b9   Thumb Code    26  stm32f10x_rcc.o(.text)
    RCC_APB1PeriphClockCmd                   0x080036d3   Thumb Code    26  stm32f10x_rcc.o(.text)
    RCC_APB2PeriphResetCmd                   0x080036ed   Thumb Code    26  stm32f10x_rcc.o(.text)
    RCC_APB1PeriphResetCmd                   0x08003707   Thumb Code    26  stm32f10x_rcc.o(.text)
    RCC_BackupResetCmd                       0x08003721   Thumb Code     8  stm32f10x_rcc.o(.text)
    RCC_ClockSecuritySystemCmd               0x08003729   Thumb Code     6  stm32f10x_rcc.o(.text)
    RCC_MCOConfig                            0x0800372f   Thumb Code     6  stm32f10x_rcc.o(.text)
    RCC_ClearFlag                            0x08003735   Thumb Code    14  stm32f10x_rcc.o(.text)
    RCC_GetITStatus                          0x08003743   Thumb Code    20  stm32f10x_rcc.o(.text)
    RCC_ClearITPendingBit                    0x08003757   Thumb Code     6  stm32f10x_rcc.o(.text)
    USART_DeInit                             0x08003789   Thumb Code   134  stm32f10x_usart.o(.text)
    USART_Init                               0x0800380f   Thumb Code   210  stm32f10x_usart.o(.text)
    USART_StructInit                         0x080038e1   Thumb Code    24  stm32f10x_usart.o(.text)
    USART_ClockInit                          0x080038f9   Thumb Code    34  stm32f10x_usart.o(.text)
    USART_ClockStructInit                    0x0800391b   Thumb Code    12  stm32f10x_usart.o(.text)
    USART_Cmd                                0x08003927   Thumb Code    24  stm32f10x_usart.o(.text)
    USART_ITConfig                           0x0800393f   Thumb Code    74  stm32f10x_usart.o(.text)
    USART_DMACmd                             0x08003989   Thumb Code    18  stm32f10x_usart.o(.text)
    USART_SetAddress                         0x0800399b   Thumb Code    18  stm32f10x_usart.o(.text)
    USART_WakeUpConfig                       0x080039ad   Thumb Code    18  stm32f10x_usart.o(.text)
    USART_ReceiverWakeUpCmd                  0x080039bf   Thumb Code    24  stm32f10x_usart.o(.text)
    USART_LINBreakDetectLengthConfig         0x080039d7   Thumb Code    18  stm32f10x_usart.o(.text)
    USART_LINCmd                             0x080039e9   Thumb Code    24  stm32f10x_usart.o(.text)
    USART_SendData                           0x08003a01   Thumb Code     8  stm32f10x_usart.o(.text)
    USART_ReceiveData                        0x08003a09   Thumb Code    10  stm32f10x_usart.o(.text)
    USART_SendBreak                          0x08003a13   Thumb Code    10  stm32f10x_usart.o(.text)
    USART_SetGuardTime                       0x08003a1d   Thumb Code    16  stm32f10x_usart.o(.text)
    USART_SetPrescaler                       0x08003a2d   Thumb Code    16  stm32f10x_usart.o(.text)
    USART_SmartCardCmd                       0x08003a3d   Thumb Code    24  stm32f10x_usart.o(.text)
    USART_SmartCardNACKCmd                   0x08003a55   Thumb Code    24  stm32f10x_usart.o(.text)
    USART_HalfDuplexCmd                      0x08003a6d   Thumb Code    24  stm32f10x_usart.o(.text)
    USART_OverSampling8Cmd                   0x08003a85   Thumb Code    22  stm32f10x_usart.o(.text)
    USART_OneBitMethodCmd                    0x08003a9b   Thumb Code    24  stm32f10x_usart.o(.text)
    USART_IrDAConfig                         0x08003ab3   Thumb Code    18  stm32f10x_usart.o(.text)
    USART_IrDACmd                            0x08003ac5   Thumb Code    24  stm32f10x_usart.o(.text)
    USART_GetFlagStatus                      0x08003add   Thumb Code    26  stm32f10x_usart.o(.text)
    USART_ClearFlag                          0x08003af7   Thumb Code    18  stm32f10x_usart.o(.text)
    USART_GetITStatus                        0x08003b09   Thumb Code    84  stm32f10x_usart.o(.text)
    USART_ClearITPendingBit                  0x08003b5d   Thumb Code    52  stm32f10x_usart.o(.text)
    FSMC_NORSRAMDeInit                       0x08003b91   Thumb Code    56  stm32f10x_fsmc.o(.text)
    FSMC_NANDDeInit                          0x08003bc9   Thumb Code    62  stm32f10x_fsmc.o(.text)
    FSMC_PCCARDDeInit                        0x08003c07   Thumb Code    40  stm32f10x_fsmc.o(.text)
    FSMC_NORSRAMInit                         0x08003c2f   Thumb Code   224  stm32f10x_fsmc.o(.text)
    FSMC_NANDInit                            0x08003d0f   Thumb Code   130  stm32f10x_fsmc.o(.text)
    FSMC_PCCARDInit                          0x08003d91   Thumb Code   124  stm32f10x_fsmc.o(.text)
    FSMC_NORSRAMStructInit                   0x08003e0d   Thumb Code   114  stm32f10x_fsmc.o(.text)
    FSMC_NANDStructInit                      0x08003e7f   Thumb Code    54  stm32f10x_fsmc.o(.text)
    FSMC_PCCARDStructInit                    0x08003eb5   Thumb Code    60  stm32f10x_fsmc.o(.text)
    FSMC_NORSRAMCmd                          0x08003ef1   Thumb Code    46  stm32f10x_fsmc.o(.text)
    FSMC_NANDCmd                             0x08003f1f   Thumb Code    86  stm32f10x_fsmc.o(.text)
    FSMC_PCCARDCmd                           0x08003f75   Thumb Code    40  stm32f10x_fsmc.o(.text)
    FSMC_NANDECCCmd                          0x08003f9d   Thumb Code   118  stm32f10x_fsmc.o(.text)
    FSMC_GetECC                              0x08004013   Thumb Code    22  stm32f10x_fsmc.o(.text)
    FSMC_ITConfig                            0x08004029   Thumb Code   128  stm32f10x_fsmc.o(.text)
    FSMC_GetFlagStatus                       0x080040a9   Thumb Code    48  stm32f10x_fsmc.o(.text)
    FSMC_ClearFlag                           0x080040d9   Thumb Code    62  stm32f10x_fsmc.o(.text)
    FSMC_GetITStatus                         0x08004117   Thumb Code    60  stm32f10x_fsmc.o(.text)
    FSMC_ClearITPendingBit                   0x08004153   Thumb Code    64  stm32f10x_fsmc.o(.text)
    App_Send_Data                            0x080041a9   Thumb Code    82  dji_pro_app.o(.text)
    App_Complex_Send_Cmd                     0x080041fb   Thumb Code    46  dji_pro_app.o(.text)
    rj_xtime                                 0x08004231   Thumb Code    22  dji_pro_codec.o(.text)
    aes_subBytes                             0x08004247   Thumb Code    24  dji_pro_codec.o(.text)
    aes_subBytes_inv                         0x0800425f   Thumb Code    24  dji_pro_codec.o(.text)
    aes_addRoundKey                          0x08004277   Thumb Code    28  dji_pro_codec.o(.text)
    aes_addRoundKey_cpy                      0x08004293   Thumb Code    38  dji_pro_codec.o(.text)
    aes_shiftRows                            0x080042b9   Thumb Code    50  dji_pro_codec.o(.text)
    aes_shiftRows_inv                        0x080042eb   Thumb Code    50  dji_pro_codec.o(.text)
    aes_mixColumns                           0x0800431d   Thumb Code   124  dji_pro_codec.o(.text)
    aes_mixColumns_inv                       0x08004399   Thumb Code   182  dji_pro_codec.o(.text)
    aes_expandEncKey                         0x0800444f   Thumb Code   244  dji_pro_codec.o(.text)
    aes_expandDecKey                         0x08004543   Thumb Code   254  dji_pro_codec.o(.text)
    aes256_init                              0x08004641   Thumb Code    58  dji_pro_codec.o(.text)
    aes256_done                              0x0800467b   Thumb Code    30  dji_pro_codec.o(.text)
    aes256_encrypt_ecb                       0x08004699   Thumb Code   116  dji_pro_codec.o(.text)
    aes256_decrypt_ecb                       0x0800470d   Thumb Code   108  dji_pro_codec.o(.text)
    crc16_update                             0x08004779   Thumb Code    22  dji_pro_codec.o(.text)
    crc32_update                             0x0800478f   Thumb Code    22  dji_pro_codec.o(.text)
    sdk_stream_crc16_calc                    0x080047a5   Thumb Code    34  dji_pro_codec.o(.text)
    sdk_stream_crc32_calc                    0x080047c7   Thumb Code    34  dji_pro_codec.o(.text)
    sdk_serial_set_hook                      0x080047e9   Thumb Code     6  dji_pro_codec.o(.text)
    sdk_stream_prepare                       0x080047ef   Thumb Code    40  dji_pro_codec.o(.text)
    sdk_stream_codec                         0x08004817   Thumb Code   140  dji_pro_codec.o(.text)
    sdk_call_data_app                        0x080048a3   Thumb Code    42  dji_pro_codec.o(.text)
    sdk_stream_shift_data                    0x080048cd   Thumb Code    30  dji_pro_codec.o(.text)
    sdk_stream_store_data                    0x080048eb   Thumb Code    42  dji_pro_codec.o(.text)
    sdk_stream_update_reuse_part             0x08004915   Thumb Code    60  dji_pro_codec.o(.text)
    sdk_stream_verify_data                   0x08004951   Thumb Code    36  dji_pro_codec.o(.text)
    sdk_stream_verify_head                   0x08004975   Thumb Code    80  dji_pro_codec.o(.text)
    sdk_check_stream_state                   0x080049c5   Thumb Code    46  dji_pro_codec.o(.text)
    sdk_byte_stream_handler                  0x080049f3   Thumb Code    22  dji_pro_codec.o(.text)
    sdk_serial_byte_handle                   0x08004a09   Thumb Code    76  dji_pro_codec.o(.text)
    sdk_stream_recalc_crc                    0x08004a55   Thumb Code   110  dji_pro_codec.o(.text)
    sdk_comm_set_key                         0x08004aff   Thumb Code    24  dji_pro_codec.o(.text)
    sdk_set_encrypt_key_interface            0x08004b17   Thumb Code    14  dji_pro_codec.o(.text)
    sdk_encrypt_interface                    0x08004b25   Thumb Code   278  dji_pro_codec.o(.text)
    Request_Send_MMU                         0x08004c55   Thumb Code    54  dji_pro_link.o(.text)
    Free_Send_MMU                            0x08004c8b   Thumb Code    12  dji_pro_link.o(.text)
    Request_Send_Session                     0x08004c97   Thumb Code    84  dji_pro_link.o(.text)
    Free_Send_Session                        0x08004ceb   Thumb Code    28  dji_pro_link.o(.text)
    Pro_Link_Setup                           0x08004d07   Thumb Code   136  dji_pro_link.o(.text)
    Pro_Config_Comm_Encrypt_Key              0x08004d8f   Thumb Code    12  dji_pro_link.o(.text)
    Pro_Send_Interface                       0x08004d9b   Thumb Code   312  dji_pro_link.o(.text)
    DJI_Pro_Test_Setup                       0x08004eed   Thumb Code    48  dji_pro_test.o(.text)
    DJI_Onboard_API_Activation               0x08004f1d   Thumb Code    24  dji_pro_test.o(.text)
    DJI_Onboard_API_Control                  0x08004f35   Thumb Code    26  dji_pro_test.o(.text)
    DJI_Onboard_API_UAV_Control              0x08004f4f   Thumb Code    14  dji_pro_test.o(.text)
    DJI_Onboard_API_Ctr                      0x08004f5d   Thumb Code    96  dji_pro_test.o(.text)
    DJI_Onboard_API_Ctr_drawcube             0x08004fbd   Thumb Code   438  dji_pro_test.o(.text)
    DJI_Onboard_API_Ctr_drawcircle           0x08005173   Thumb Code   170  dji_pro_test.o(.text)
    __use_no_semihosting                     0x08005255   Thumb Code     2  use_no_semi_2.o(.text)
    __2printf                                0x08005259   Thumb Code    20  noretval__2printf.o(.text)
    __printf                                 0x08005271   Thumb Code   104  __printf.o(.text)
    _printf_int_hex                          0x080052d9   Thumb Code    88  _printf_hex_int.o(.text)
    _printf_longlong_hex                     0x080052d9   Thumb Code     0  _printf_hex_int.o(.text)
    __0sscanf                                0x08005335   Thumb Code    52  __0sscanf.o(.text)
    _scanf_int                               0x08005371   Thumb Code   336  _scanf_int.o(.text)
    __aeabi_memcpy                           0x080054c1   Thumb Code     0  rt_memcpy_v6.o(.text)
    __rt_memcpy                              0x080054c1   Thumb Code   138  rt_memcpy_v6.o(.text)
    _memcpy_lastbytes                        0x08005527   Thumb Code     0  rt_memcpy_v6.o(.text)
    __aeabi_memmove                          0x0800554b   Thumb Code     0  rt_memmove_v6.o(.text)
    __rt_memmove                             0x0800554b   Thumb Code   132  rt_memmove_v6.o(.text)
    __memmove_lastfew                        0x080055ab   Thumb Code     0  rt_memmove_v6.o(.text)
    __aeabi_memcpy4                          0x080055cf   Thumb Code     0  rt_memcpy_w.o(.text)
    __aeabi_memcpy8                          0x080055cf   Thumb Code     0  rt_memcpy_w.o(.text)
    __rt_memcpy_w                            0x080055cf   Thumb Code   100  rt_memcpy_w.o(.text)
    _memcpy_lastbytes_aligned                0x08005617   Thumb Code     0  rt_memcpy_w.o(.text)
    __aeabi_memclr                           0x08005633   Thumb Code     0  rt_memclr.o(.text)
    __rt_memclr                              0x08005633   Thumb Code    68  rt_memclr.o(.text)
    _memset                                  0x08005637   Thumb Code     0  rt_memclr.o(.text)
    __aeabi_memclr4                          0x08005677   Thumb Code     0  rt_memclr_w.o(.text)
    __aeabi_memclr8                          0x08005677   Thumb Code     0  rt_memclr_w.o(.text)
    __rt_memclr_w                            0x08005677   Thumb Code    78  rt_memclr_w.o(.text)
    _memset_w                                0x0800567b   Thumb Code     0  rt_memclr_w.o(.text)
    __use_two_region_memory                  0x080056c5   Thumb Code     2  heapauxi.o(.text)
    __rt_heap_escrow$2region                 0x080056c7   Thumb Code     2  heapauxi.o(.text)
    __rt_heap_expand$2region                 0x080056c9   Thumb Code     2  heapauxi.o(.text)
    __I$use$semihosting                      0x080056cb   Thumb Code     0  use_no_semi.o(.text)
    __use_no_semihosting_swi                 0x080056cb   Thumb Code     2  use_no_semi.o(.text)
    __read_errno                             0x080056cd   Thumb Code    10  _rserrno.o(.text)
    __set_errno                              0x080056d7   Thumb Code    12  _rserrno.o(.text)
    _printf_int_common                       0x080056e3   Thumb Code   184  _printf_intcommon.o(.text)
    _printf_char_file                        0x0800579d   Thumb Code    32  _printf_char_file.o(.text)
    _chval                                   0x080057c1   Thumb Code    28  _chval.o(.text)
    __vfscanf_char                           0x080057e9   Thumb Code    24  scanf_char.o(.text)
    _sgetc                                   0x08005809   Thumb Code    30  _sgetc.o(.text)
    _sbackspace                              0x08005827   Thumb Code    34  _sgetc.o(.text)
    __aeabi_memmove4                         0x08005849   Thumb Code     0  rt_memmove_w.o(.text)
    __aeabi_memmove8                         0x08005849   Thumb Code     0  rt_memmove_w.o(.text)
    __rt_memmove_w                           0x08005849   Thumb Code   122  rt_memmove_w.o(.text)
    __memmove_aligned                        0x0800586f   Thumb Code     0  rt_memmove_w.o(.text)
    __memmove_lastfew_aligned                0x080058a7   Thumb Code     0  rt_memmove_w.o(.text)
    __aeabi_errno_addr                       0x080058c5   Thumb Code     8  rt_errno_addr_intlibspace.o(.text)
    __errno$intlibspace                      0x080058c5   Thumb Code     0  rt_errno_addr_intlibspace.o(.text)
    __rt_errno_addr$intlibspace              0x080058c5   Thumb Code     0  rt_errno_addr_intlibspace.o(.text)
    isspace                                  0x080058cd   Thumb Code    18  isspace.o(.text)
    _printf_char_common                      0x080058eb   Thumb Code    32  _printf_char_common.o(.text)
    __vfscanf                                0x08005911   Thumb Code   876  _scanf.o(.text)
    ferror                                   0x08005c81   Thumb Code     8  ferror.o(.text)
    __user_libspace                          0x08005c89   Thumb Code     8  libspace.o(.text)
    __user_perproc_libspace                  0x08005c89   Thumb Code     0  libspace.o(.text)
    __user_perthread_libspace                0x08005c89   Thumb Code     0  libspace.o(.text)
    __user_setup_stackheap                   0x08005c91   Thumb Code    74  sys_stackheap_outer.o(.text)
    __rt_ctype_table                         0x08005cdd   Thumb Code    16  rt_ctype_table.o(.text)
    exit                                     0x08005ced   Thumb Code    12  exit.o(.text)
    __rt_locale                              0x08005cf9   Thumb Code     8  rt_locale_intlibspace.o(.text)
    strcmp                                   0x08005d01   Thumb Code   128  strcmpv7m.o(.text)
    __ARM_fpclassify                         0x08005d81   Thumb Code    40  fpclassify.o(i.__ARM_fpclassify)
    __ieee754_rem_pio2                       0x08005da9   Thumb Code   832  rred.o(i.__ieee754_rem_pio2)
    __kernel_cos                             0x08006131   Thumb Code   230  cos_i.o(i.__kernel_cos)
    __kernel_poly                            0x0800622d   Thumb Code   170  poly.o(i.__kernel_poly)
    __kernel_sin                             0x080062d9   Thumb Code   224  sin_i.o(i.__kernel_sin)
    __mathlib_dbl_underflow                  0x080063c5   Thumb Code    10  dunder.o(i.__mathlib_dbl_underflow)
    cos                                      0x080063d5   Thumb Code   164  cos.o(i.cos)
    sin                                      0x08006481   Thumb Code   166  sin.o(i.sin)
    _get_lc_ctype                            0x08006531   Thumb Code    44  lc_ctype_c.o(locale$$code)
    __aeabi_d2f                              0x0800655d   Thumb Code     0  d2f.o(x$fpl$d2f)
    _d2f                                     0x0800655d   Thumb Code    98  d2f.o(x$fpl$d2f)
    __aeabi_dadd                             0x080065c1   Thumb Code     0  daddsub_clz.o(x$fpl$dadd)
    _dadd                                    0x080065c1   Thumb Code   332  daddsub_clz.o(x$fpl$dadd)
    __fpl_dcheck_NaN1                        0x08006711   Thumb Code    10  dcheck1.o(x$fpl$dcheck1)
    __aeabi_ddiv                             0x08006721   Thumb Code     0  ddiv.o(x$fpl$ddiv)
    _ddiv                                    0x08006721   Thumb Code   552  ddiv.o(x$fpl$ddiv)
    __aeabi_d2iz                             0x080069d1   Thumb Code     0  dfix.o(x$fpl$dfix)
    _dfix                                    0x080069d1   Thumb Code    94  dfix.o(x$fpl$dfix)
    __aeabi_i2d                              0x08006a2f   Thumb Code     0  dflt_clz.o(x$fpl$dflt)
    _dflt                                    0x08006a2f   Thumb Code    46  dflt_clz.o(x$fpl$dflt)
    __aeabi_ui2d                             0x08006a5d   Thumb Code     0  dflt_clz.o(x$fpl$dfltu)
    _dfltu                                   0x08006a5d   Thumb Code    38  dflt_clz.o(x$fpl$dfltu)
    __aeabi_dmul                             0x08006a85   Thumb Code     0  dmul.o(x$fpl$dmul)
    _dmul                                    0x08006a85   Thumb Code   332  dmul.o(x$fpl$dmul)
    __fpl_dnaninf                            0x08006bd9   Thumb Code   156  dnaninf.o(x$fpl$dnaninf)
    __fpl_dretinf                            0x08006c75   Thumb Code    12  dretinf.o(x$fpl$dretinf)
    __aeabi_drsub                            0x08006c81   Thumb Code     0  daddsub_clz.o(x$fpl$drsb)
    _drsb                                    0x08006c81   Thumb Code    22  daddsub_clz.o(x$fpl$drsb)
    __aeabi_dsub                             0x08006c99   Thumb Code     0  daddsub_clz.o(x$fpl$dsub)
    _dsub                                    0x08006c99   Thumb Code   464  daddsub_clz.o(x$fpl$dsub)
    __fpl_fretinf                            0x08006e6d   Thumb Code    10  fretinf.o(x$fpl$fretinf)
    __fpl_return_NaN                         0x08006e77   Thumb Code   100  retnan.o(x$fpl$retnan)
    __ARM_scalbn                             0x08006edb   Thumb Code    92  scalbn.o(x$fpl$scalbn)
    __fpl_cmpreturn                          0x08006f37   Thumb Code    48  trapv.o(x$fpl$trapveneer)
    __I$use$fp                               0x08006f66   Number         0  usenofp.o(x$fpl$usenofp)
    asc2_1206                                0x08006f66   Data        1140  lcd.o(.constdata)
    asc2_1608                                0x080073da   Data        1520  lcd.o(.constdata)
    sbox                                     0x080079ca   Data         256  dji_pro_codec.o(.constdata)
    sboxinv                                  0x08007aca   Data         256  dji_pro_codec.o(.constdata)
    CRC_INIT                                 0x08007bca   Data           2  dji_pro_codec.o(.constdata)
    Region$$Table$$Base                      0x08007d58   Number         0  anon$$obj.o(Region$$Table)
    Region$$Table$$Limit                     0x08007d78   Number         0  anon$$obj.o(Region$$Table)
    __ctype                                  0x08007d85   Data           0  lc_ctype_c.o(locale$$data)
    PrintAck                                 0x20000000   Data           1  main.o(.data)
    Dji_welcome                              0x20000001   Data          24  main.o(.data)
    i                                        0x20000019   Data           1  stm32f10x_it.o(.data)
    SystemCoreClock                          0x2000001c   Data           4  system_stm32f10x.o(.data)
    AHBPrescTable                            0x20000020   Data          16  system_stm32f10x.o(.data)
    POINT_COLOR                              0x20000032   Data           2  lcd.o(.data)
    BACK_COLOR                               0x20000034   Data           2  lcd.o(.data)
    __stdout                                 0x2000003c   Data           4  usart.o(.data)
    crc_tab16                                0x20000054   Data         512  dji_pro_codec.o(.data)
    crc_tab32                                0x20000254   Data        1024  dji_pro_codec.o(.data)
    serial_hook                              0x20000654   Data           4  dji_pro_codec.o(.data)
    RecBuff                                  0x2000068c   Data         160  stm32f10x_it.o(.bss)
    lcddev                                   0x2000072c   Data          10  lcd.o(.bss)
    serial_sdk                               0x20000b44   Data         340  dji_pro_codec.o(.bss)
    __libspace_start                         0x20004fe0   Data          96  libspace.o(.bss)
    __temporary_stack_top$libspace           0x20005040   Data           0  libspace.o(.bss)



==============================================================================

Memory Map of the image

  Image Entry point : 0x08000131

  Load Region LR_IROM1 (Base: 0x08000000, Size: 0x00008514, Max: 0x00080000, ABSOLUTE, COMPRESSED[0x000084e8])

    Execution Region ER_IROM1 (Base: 0x08000000, Size: 0x00007e88, Max: 0x00080000, ABSOLUTE)

    Base Addr    Size         Type   Attr      Idx    E Section Name        Object

    0x08000000   0x00000130   Data   RO          239    RESET               startup_stm32f10x_hd.o
    0x08000130   0x00000008   Code   RO          446  * !!!main             c_w.l(__main.o)
    0x08000138   0x00000034   Code   RO          719    !!!scatter          c_w.l(__scatter.o)
    0x0800016c   0x00000064   Code   RO          717    !!dclz77c           c_w.l(__dclz77c.o)
    0x080001d0   0x0000001c   Code   RO          721    !!handler_zi        c_w.l(__scatter_zi.o)
    0x080001ec   0x00000000   Code   RO          429    .ARM.Collect$$_printf_percent$$00000000  c_w.l(_printf_percent.o)
    0x080001ec   0x00000006   Code   RO          428    .ARM.Collect$$_printf_percent$$0000000C  c_w.l(_printf_x.o)
    0x080001f2   0x00000004   Code   RO          483    .ARM.Collect$$_printf_percent$$00000017  c_w.l(_printf_percent_end.o)
    0x080001f6   0x00000002   Code   RO          583    .ARM.Collect$$libinit$$00000000  c_w.l(libinit.o)
    0x080001f8   0x00000000   Code   RO          597    .ARM.Collect$$libinit$$00000002  c_w.l(libinit2.o)
    0x080001f8   0x00000000   Code   RO          600    .ARM.Collect$$libinit$$00000008  c_w.l(libinit2.o)
    0x080001f8   0x00000000   Code   RO          602    .ARM.Collect$$libinit$$0000000A  c_w.l(libinit2.o)
    0x080001f8   0x00000000   Code   RO          604    .ARM.Collect$$libinit$$0000000C  c_w.l(libinit2.o)
    0x080001f8   0x00000006   Code   RO          605    .ARM.Collect$$libinit$$0000000D  c_w.l(libinit2.o)
    0x080001fe   0x00000000   Code   RO          607    .ARM.Collect$$libinit$$0000000F  c_w.l(libinit2.o)
    0x080001fe   0x0000000c   Code   RO          608    .ARM.Collect$$libinit$$00000010  c_w.l(libinit2.o)
    0x0800020a   0x00000000   Code   RO          609    .ARM.Collect$$libinit$$00000011  c_w.l(libinit2.o)
    0x0800020a   0x00000000   Code   RO          611    .ARM.Collect$$libinit$$00000013  c_w.l(libinit2.o)
    0x0800020a   0x00000000   Code   RO          613    .ARM.Collect$$libinit$$00000015  c_w.l(libinit2.o)
    0x0800020a   0x00000000   Code   RO          615    .ARM.Collect$$libinit$$00000017  c_w.l(libinit2.o)
    0x0800020a   0x00000000   Code   RO          617    .ARM.Collect$$libinit$$00000019  c_w.l(libinit2.o)
    0x0800020a   0x00000000   Code   RO          619    .ARM.Collect$$libinit$$0000001B  c_w.l(libinit2.o)
    0x0800020a   0x00000000   Code   RO          621    .ARM.Collect$$libinit$$0000001D  c_w.l(libinit2.o)
    0x0800020a   0x00000000   Code   RO          623    .ARM.Collect$$libinit$$0000001F  c_w.l(libinit2.o)
    0x0800020a   0x00000000   Code   RO          625    .ARM.Collect$$libinit$$00000021  c_w.l(libinit2.o)
    0x0800020a   0x00000000   Code   RO          627    .ARM.Collect$$libinit$$00000023  c_w.l(libinit2.o)
    0x0800020a   0x00000000   Code   RO          631    .ARM.Collect$$libinit$$0000002A  c_w.l(libinit2.o)
    0x0800020a   0x00000000   Code   RO          633    .ARM.Collect$$libinit$$0000002C  c_w.l(libinit2.o)
    0x0800020a   0x00000000   Code   RO          635    .ARM.Collect$$libinit$$0000002E  c_w.l(libinit2.o)
    0x0800020a   0x00000000   Code   RO          637    .ARM.Collect$$libinit$$00000030  c_w.l(libinit2.o)
    0x0800020a   0x00000002   Code   RO          638    .ARM.Collect$$libinit$$00000031  c_w.l(libinit2.o)
    0x0800020c   0x00000002   Code   RO          660    .ARM.Collect$$libshutdown$$00000000  c_w.l(libshutdown.o)
    0x0800020e   0x00000000   Code   RO          671    .ARM.Collect$$libshutdown$$00000003  c_w.l(libshutdown2.o)
    0x0800020e   0x00000000   Code   RO          674    .ARM.Collect$$libshutdown$$00000006  c_w.l(libshutdown2.o)
    0x0800020e   0x00000000   Code   RO          677    .ARM.Collect$$libshutdown$$00000009  c_w.l(libshutdown2.o)
    0x0800020e   0x00000000   Code   RO          679    .ARM.Collect$$libshutdown$$0000000B  c_w.l(libshutdown2.o)
    0x0800020e   0x00000000   Code   RO          682    .ARM.Collect$$libshutdown$$0000000E  c_w.l(libshutdown2.o)
    0x0800020e   0x00000002   Code   RO          683    .ARM.Collect$$libshutdown$$0000000F  c_w.l(libshutdown2.o)
    0x08000210   0x00000000   Code   RO          476    .ARM.Collect$$rtentry$$00000000  c_w.l(rtentry.o)
    0x08000210   0x00000000   Code   RO          520    .ARM.Collect$$rtentry$$00000002  c_w.l(rtentry2.o)
    0x08000210   0x00000006   Code   RO          532    .ARM.Collect$$rtentry$$00000004  c_w.l(rtentry4.o)
    0x08000216   0x00000000   Code   RO          522    .ARM.Collect$$rtentry$$00000009  c_w.l(rtentry2.o)
    0x08000216   0x00000004   Code   RO          523    .ARM.Collect$$rtentry$$0000000A  c_w.l(rtentry2.o)
    0x0800021a   0x00000000   Code   RO          525    .ARM.Collect$$rtentry$$0000000C  c_w.l(rtentry2.o)
    0x0800021a   0x00000008   Code   RO          526    .ARM.Collect$$rtentry$$0000000D  c_w.l(rtentry2.o)
    0x08000222   0x00000002   Code   RO          586    .ARM.Collect$$rtexit$$00000000  c_w.l(rtexit.o)
    0x08000224   0x00000000   Code   RO          642    .ARM.Collect$$rtexit$$00000002  c_w.l(rtexit2.o)
    0x08000224   0x00000004   Code   RO          643    .ARM.Collect$$rtexit$$00000003  c_w.l(rtexit2.o)
    0x08000228   0x00000006   Code   RO          644    .ARM.Collect$$rtexit$$00000004  c_w.l(rtexit2.o)
    0x0800022e   0x00000002   PAD
    0x08000230   0x000003d8   Code   RO            1    .text               main.o
    0x08000608   0x00000050   Code   RO           92    .text               stm32f10x_it.o
    0x08000658   0x000001dc   Code   RO          115    .text               system_stm32f10x.o
    0x08000834   0x000000fc   Code   RO          133    .text               key.o
    0x08000930   0x00002410   Code   RO          146    .text               lcd.o
    0x08002d40   0x00000034   Code   RO          169    .text               led.o
    0x08002d74   0x000000fc   Code   RO          181    .text               delay.o
    0x08002e70   0x0000000c   Code   RO          195    .text               sys.o
    0x08002e7c   0x000000f4   Code   RO          207    .text               usart.o
    0x08002f70   0x00000040   Code   RO          240    .text               startup_stm32f10x_hd.o
    0x08002fb0   0x000000dc   Code   RO          244    .text               misc.o
    0x0800308c   0x00000358   Code   RO          256    .text               stm32f10x_gpio.o
    0x080033e4   0x000003a4   Code   RO          268    .text               stm32f10x_rcc.o
    0x08003788   0x00000408   Code   RO          282    .text               stm32f10x_usart.o
    0x08003b90   0x00000618   Code   RO          294    .text               stm32f10x_fsmc.o
    0x080041a8   0x00000088   Code   RO          306    .text               dji_pro_app.o
    0x08004230   0x00000a10   Code   RO          320    .text               dji_pro_codec.o
    0x08004c40   0x000002ac   Code   RO          337    .text               dji_pro_link.o
    0x08004eec   0x00000368   Code   RO          358    .text               dji_pro_test.o
    0x08005254   0x00000002   Code   RO          379    .text               c_w.l(use_no_semi_2.o)
    0x08005256   0x00000002   PAD
    0x08005258   0x00000018   Code   RO          383    .text               c_w.l(noretval__2printf.o)
    0x08005270   0x00000068   Code   RO          385    .text               c_w.l(__printf.o)
    0x080052d8   0x0000005c   Code   RO          390    .text               c_w.l(_printf_hex_int.o)
    0x08005334   0x0000003c   Code   RO          430    .text               c_w.l(__0sscanf.o)
    0x08005370   0x00000150   Code   RO          432    .text               c_w.l(_scanf_int.o)
    0x080054c0   0x0000008a   Code   RO          434    .text               c_w.l(rt_memcpy_v6.o)
    0x0800554a   0x00000084   Code   RO          436    .text               c_w.l(rt_memmove_v6.o)
    0x080055ce   0x00000064   Code   RO          438    .text               c_w.l(rt_memcpy_w.o)
    0x08005632   0x00000044   Code   RO          440    .text               c_w.l(rt_memclr.o)
    0x08005676   0x0000004e   Code   RO          442    .text               c_w.l(rt_memclr_w.o)
    0x080056c4   0x00000006   Code   RO          444    .text               c_w.l(heapauxi.o)
    0x080056ca   0x00000002   Code   RO          474    .text               c_w.l(use_no_semi.o)
    0x080056cc   0x00000016   Code   RO          477    .text               c_w.l(_rserrno.o)
    0x080056e2   0x000000b8   Code   RO          479    .text               c_w.l(_printf_intcommon.o)
    0x0800579a   0x00000002   PAD
    0x0800579c   0x00000024   Code   RO          481    .text               c_w.l(_printf_char_file.o)
    0x080057c0   0x0000001c   Code   RO          484    .text               c_w.l(_chval.o)
    0x080057dc   0x0000002c   Code   RO          486    .text               c_w.l(scanf_char.o)
    0x08005808   0x00000040   Code   RO          488    .text               c_w.l(_sgetc.o)
    0x08005848   0x0000007a   Code   RO          490    .text               c_w.l(rt_memmove_w.o)
    0x080058c2   0x00000002   PAD
    0x080058c4   0x00000008   Code   RO          537    .text               c_w.l(rt_errno_addr_intlibspace.o)
    0x080058cc   0x00000012   Code   RO          539    .text               c_w.l(isspace.o)
    0x080058de   0x00000002   PAD
    0x080058e0   0x00000030   Code   RO          541    .text               c_w.l(_printf_char_common.o)
    0x08005910   0x00000370   Code   RO          543    .text               c_w.l(_scanf.o)
    0x08005c80   0x00000008   Code   RO          545    .text               c_w.l(ferror.o)
    0x08005c88   0x00000008   Code   RO          567    .text               c_w.l(libspace.o)
    0x08005c90   0x0000004a   Code   RO          570    .text               c_w.l(sys_stackheap_outer.o)
    0x08005cda   0x00000002   PAD
    0x08005cdc   0x00000010   Code   RO          572    .text               c_w.l(rt_ctype_table.o)
    0x08005cec   0x0000000c   Code   RO          576    .text               c_w.l(exit.o)
    0x08005cf8   0x00000008   Code   RO          591    .text               c_w.l(rt_locale_intlibspace.o)
    0x08005d00   0x00000080   Code   RO          648    .text               c_w.l(strcmpv7m.o)
    0x08005d80   0x00000028   Code   RO          563    i.__ARM_fpclassify  m_ws.l(fpclassify.o)
    0x08005da8   0x00000388   Code   RO          508    i.__ieee754_rem_pio2  m_ws.l(rred.o)
    0x08006130   0x000000fc   Code   RO          505    i.__kernel_cos      m_ws.l(cos_i.o)
    0x0800622c   0x000000aa   Code   RO          565    i.__kernel_poly     m_ws.l(poly.o)
    0x080062d6   0x00000002   PAD
    0x080062d8   0x000000ec   Code   RO          513    i.__kernel_sin      m_ws.l(sin_i.o)
    0x080063c4   0x00000010   Code   RO          561    i.__mathlib_dbl_underflow  m_ws.l(dunder.o)
    0x080063d4   0x000000ac   Code   RO          459    i.cos               m_ws.l(cos.o)
    0x08006480   0x000000b0   Code   RO          467    i.sin               m_ws.l(sin.o)
    0x08006530   0x0000002c   Code   RO          594    locale$$code        c_w.l(lc_ctype_c.o)
    0x0800655c   0x00000062   Code   RO          448    x$fpl$d2f           fz_ws.l(d2f.o)
    0x080065be   0x00000002   PAD
    0x080065c0   0x00000150   Code   RO          549    x$fpl$dadd          fz_ws.l(daddsub_clz.o)
    0x08006710   0x00000010   Code   RO          555    x$fpl$dcheck1       fz_ws.l(dcheck1.o)
    0x08006720   0x000002b0   Code   RO          493    x$fpl$ddiv          fz_ws.l(ddiv.o)
    0x080069d0   0x0000005e   Code   RO          557    x$fpl$dfix          fz_ws.l(dfix.o)
    0x08006a2e   0x0000002e   Code   RO          451    x$fpl$dflt          fz_ws.l(dflt_clz.o)
    0x08006a5c   0x00000026   Code   RO          450    x$fpl$dfltu         fz_ws.l(dflt_clz.o)
    0x08006a82   0x00000002   PAD
    0x08006a84   0x00000154   Code   RO          456    x$fpl$dmul          fz_ws.l(dmul.o)
    0x08006bd8   0x0000009c   Code   RO          496    x$fpl$dnaninf       fz_ws.l(dnaninf.o)
    0x08006c74   0x0000000c   Code   RO          498    x$fpl$dretinf       fz_ws.l(dretinf.o)
    0x08006c80   0x00000016   Code   RO          550    x$fpl$drsb          fz_ws.l(daddsub_clz.o)
    0x08006c96   0x00000002   PAD
    0x08006c98   0x000001d4   Code   RO          551    x$fpl$dsub          fz_ws.l(daddsub_clz.o)
    0x08006e6c   0x0000000a   Code   RO          500    x$fpl$fretinf       fz_ws.l(fretinf.o)
    0x08006e76   0x00000064   Code   RO          584    x$fpl$retnan        fz_ws.l(retnan.o)
    0x08006eda   0x0000005c   Code   RO          502    x$fpl$scalbn        fz_ws.l(scalbn.o)
    0x08006f36   0x00000030   Code   RO          639    x$fpl$trapveneer    fz_ws.l(trapv.o)
    0x08006f66   0x00000000   Code   RO          504    x$fpl$usenofp       fz_ws.l(usenofp.o)
    0x08006f66   0x00000a64   Data   RO          148    .constdata          lcd.o
    0x080079ca   0x00000202   Data   RO          322    .constdata          dji_pro_codec.o
    0x08007bcc   0x00000041   Data   RO          359    .constdata          dji_pro_test.o
    0x08007c0d   0x00000028   Data   RO          391    .constdata          c_w.l(_printf_hex_int.o)
    0x08007c35   0x00000003   PAD
    0x08007c38   0x00000030   Data   RO          506    .constdata          m_ws.l(cos_i.o)
    0x08007c68   0x000000c8   Data   RO          510    .constdata          m_ws.l(rred.o)
    0x08007d30   0x00000028   Data   RO          514    .constdata          m_ws.l(sin_i.o)
    0x08007d58   0x00000020   Data   RO          715    Region$$Table       anon$$obj.o
    0x08007d78   0x00000110   Data   RO          593    locale$$data        c_w.l(lc_ctype_c.o)


    Execution Region RW_IRAM1 (Base: 0x20000000, Size: 0x00005640, Max: 0x00010000, ABSOLUTE, COMPRESSED[0x00000660])

    Base Addr    Size         Type   Attr      Idx    E Section Name        Object

    0x20000000   0x00000019   Data   RW            2    .data               main.o
    0x20000019   0x00000001   Data   RW           94    .data               stm32f10x_it.o
    0x2000001a   0x00000002   PAD
    0x2000001c   0x00000014   Data   RW          116    .data               system_stm32f10x.o
    0x20000030   0x00000001   Data   RW          134    .data               key.o
    0x20000031   0x00000001   PAD
    0x20000032   0x00000004   Data   RW          149    .data               lcd.o
    0x20000036   0x00000004   Data   RW          182    .data               delay.o
    0x2000003a   0x00000002   PAD
    0x2000003c   0x00000004   Data   RW          208    .data               usart.o
    0x20000040   0x00000014   Data   RW          269    .data               stm32f10x_rcc.o
    0x20000054   0x00000604   Data   RW          323    .data               dji_pro_codec.o
    0x20000658   0x00000002   Data   RW          339    .data               dji_pro_link.o
    0x2000065a   0x00000002   PAD
    0x2000065c   0x00000030   Data   RW          360    .data               dji_pro_test.o
    0x2000068c   0x000000a0   Zero   RW           93    .bss                stm32f10x_it.o
    0x2000072c   0x0000000a   Zero   RW          147    .bss                lcd.o
    0x20000736   0x00000002   PAD
    0x20000738   0x0000040c   Zero   RW          307    .bss                dji_pro_app.o
    0x20000b44   0x00000154   Zero   RW          321    .bss                dji_pro_codec.o
    0x20000c98   0x00004348   Zero   RW          338    .bss                dji_pro_link.o
    0x20004fe0   0x00000060   Zero   RW          568    .bss                c_w.l(libspace.o)
    0x20005040   0x00000200   Zero   RW          238    HEAP                startup_stm32f10x_hd.o
    0x20005240   0x00000400   Zero   RW          237    STACK               startup_stm32f10x_hd.o


==============================================================================

Image component sizes


      Code (inc. data)   RO Data    RW Data    ZI Data      Debug   Object Name

         0          0          0          0          0         32   core_cm3.o
       252         18          0          4          0       1289   delay.o
       136          8          0          0       1036       1521   dji_pro_app.o
      2576         34        514       1540        340      11178   dji_pro_codec.o
       684         26          0          2      17224       3142   dji_pro_link.o
       872         56         65         48          0       2248   dji_pro_test.o
       252         12          0          1          0        808   key.o
      9232        138       2660          4         10      16233   lcd.o
        52          6          0          0          0        463   led.o
       984        276          0         25          0     247638   main.o
       220         20          0          0          0       1753   misc.o
        64         26        304          0       1536        772   startup_stm32f10x_hd.o
      1560         54          0          0          0       5295   stm32f10x_fsmc.o
       856         40          0          0          0       5597   stm32f10x_gpio.o
        80         14          0          1        160       1884   stm32f10x_it.o
       932         44          0         20          0       8744   stm32f10x_rcc.o
      1032         22          0          0          0       8324   stm32f10x_usart.o
        12          0          0          0          0        429   sys.o
       476         36          0         20          0       1719   system_stm32f10x.o
       244          8          0          4          0       2996   usart.o

    ----------------------------------------------------------------------
     20516        838       3575       1676      20308     322065   Object Totals
         0          0         32          0          0          0   (incl. Generated)
         0          0          0          7          2          0   (incl. Padding)

    ----------------------------------------------------------------------

      Code (inc. data)   RO Data    RW Data    ZI Data      Debug   Library Member Name

        60          8          0          0          0         84   __0sscanf.o
       100          0          0          0          0          0   __dclz77c.o
         8          0          0          0          0         68   __main.o
       104          0          0          0          0         84   __printf.o
        52          8          0          0          0          0   __scatter.o
        28          0          0          0          0          0   __scatter_zi.o
        28          0          0          0          0         68   _chval.o
        48          6          0          0          0         96   _printf_char_common.o
        36          4          0          0          0         80   _printf_char_file.o
        92          4         40          0          0         88   _printf_hex_int.o
       184          0          0          0          0         88   _printf_intcommon.o
         0          0          0          0          0          0   _printf_percent.o
         4          0          0          0          0          0   _printf_percent_end.o
         6          0          0          0          0          0   _printf_x.o
        22          0          0          0          0        100   _rserrno.o
       880          4          0          0          0        100   _scanf.o
       336          0          0          0          0         96   _scanf_int.o
        64          0          0          0          0         84   _sgetc.o
        12          0          0          0          0         72   exit.o
         8          0          0          0          0         68   ferror.o
         6          0          0          0          0        152   heapauxi.o
        18          0          0          0          0         76   isspace.o
        44         10        272          0          0         76   lc_ctype_c.o
         2          0          0          0          0          0   libinit.o
        20          0          0          0          0          0   libinit2.o
         2          0          0          0          0          0   libshutdown.o
         2          0          0          0          0          0   libshutdown2.o
         8          4          0          0         96         68   libspace.o
        24          4          0          0          0         84   noretval__2printf.o
        16          4          0          0          0         76   rt_ctype_table.o
         8          4          0          0          0         68   rt_errno_addr_intlibspace.o
         8          4          0          0          0         68   rt_locale_intlibspace.o
        68          0          0          0          0         68   rt_memclr.o
        78          0          0          0          0         80   rt_memclr_w.o
       138          0          0          0          0         68   rt_memcpy_v6.o
       100          0          0          0          0         80   rt_memcpy_w.o
       132          0          0          0          0         68   rt_memmove_v6.o
       122          0          0          0          0         80   rt_memmove_w.o
         0          0          0          0          0          0   rtentry.o
        12          0          0          0          0          0   rtentry2.o
         6          0          0          0          0          0   rtentry4.o
         2          0          0          0          0          0   rtexit.o
        10          0          0          0          0          0   rtexit2.o
        44          8          0          0          0         84   scanf_char.o
       128          0          0          0          0         68   strcmpv7m.o
        74          0          0          0          0         80   sys_stackheap_outer.o
         2          0          0          0          0         68   use_no_semi.o
         2          0          0          0          0         68   use_no_semi_2.o
        98          4          0          0          0         92   d2f.o
       826         16          0          0          0        348   daddsub_clz.o
        16          4          0          0          0         68   dcheck1.o
       688        140          0          0          0        208   ddiv.o
        94          4          0          0          0         92   dfix.o
        84          0          0          0          0        136   dflt_clz.o
       340         12          0          0          0        104   dmul.o
       156          4          0          0          0         92   dnaninf.o
        12          0          0          0          0         68   dretinf.o
        10          0          0          0          0         68   fretinf.o
       100          0          0          0          0         68   retnan.o
        92          0          0          0          0         68   scalbn.o
        48          0          0          0          0         68   trapv.o
         0          0          0          0          0          0   usenofp.o
       172          8          0          0          0        112   cos.o
       252         22         48          0          0        124   cos_i.o
        16          6          0          0          0         68   dunder.o
        40          0          0          0          0         68   fpclassify.o
       170          0          0          0          0         96   poly.o
       904         72        200          0          0        140   rred.o
       176         10          0          0          0        116   sin.o
       236         12         40          0          0        128   sin_i.o

    ----------------------------------------------------------------------
      7698        386        603          0         96       4988   Library Totals
        20          0          3          0          0          0   (incl. Padding)

    ----------------------------------------------------------------------

      Code (inc. data)   RO Data    RW Data    ZI Data      Debug   Library Name

      3148         72        312          0         96       2656   c_w.l
      2564        184          0          0          0       1480   fz_ws.l
      1966        130        288          0          0        852   m_ws.l

    ----------------------------------------------------------------------
      7698        386        603          0         96       4988   Library Totals

    ----------------------------------------------------------------------

==============================================================================


      Code (inc. data)   RO Data    RW Data    ZI Data      Debug   

     28214       1224       4178       1676      20404     322477   Grand Totals
     28214       1224       4178       1632      20404     322477   ELF Image Totals (compressed)
     28214       1224       4178       1632          0          0   ROM Totals

==============================================================================

    Total RO  Size (Code + RO Data)                32392 (  31.63kB)
    Total RW  Size (RW Data + ZI Data)             22080 (  21.56kB)
    Total ROM Size (Code + RO Data + RW Data)      34024 (  33.23kB)

==============================================================================

