<html>
<body>
<pre>
<h1>µVision Build Log</h1>
<h2>Project:</h2>
C:\Users\HaiPiao\Desktop\DJI_Onboard_API_STM32_keil_Sample-master\Project\M100_STM32_DEMO.uvproj
Project File Date:  08/01/2015

<h2>Output:</h2>
Build target 'M100_STM32_DEMO'
compiling main.c...
compiling stm32f10x_it.c...
compiling system_stm32f10x.c...
compiling key.c...
compiling lcd.c...
compiling led.c...
compiling delay.c...
compiling sys.c...
compiling usart.c...
compiling core_cm3.c...
assembling startup_stm32f10x_hd.s...
compiling misc.c...
compiling stm32f10x_gpio.c...
compiling stm32f10x_rcc.c...
compiling stm32f10x_usart.c...
compiling stm32f10x_fsmc.c...
compiling DJI_Pro_App.c...
compiling DJI_Pro_Codec.c...
compiling DJI_Pro_Link.c...
compiling DJI_Pro_Test.c...
linking...
Program Size: Code=28214 RO-data=4178 RW-data=1676 ZI-data=20404  
FromELF: creating hex file...
"..\Obj\M100_STM32_DEMO.axf" - 0 Error(s), 0 Warning(s).
</pre>
</body>
</html>
